Component: ARM Compiler 5.06 update 7 (build 960) Tool: armlink [4d3601]

==============================================================================

Section Cross References

    startup_stm32f103xe.o(STACK) refers (Special) to heapauxi.o(.text) for __use_two_region_memory
    startup_stm32f103xe.o(HEAP) refers (Special) to heapauxi.o(.text) for __use_two_region_memory
    startup_stm32f103xe.o(RESET) refers (Special) to heapauxi.o(.text) for __use_two_region_memory
    startup_stm32f103xe.o(RESET) refers to startup_stm32f103xe.o(STACK) for __initial_sp
    startup_stm32f103xe.o(RESET) refers to startup_stm32f103xe.o(.text) for Reset_Handler
    startup_stm32f103xe.o(RESET) refers to stm32f1xx_it.o(i.NMI_Handler) for NMI_Handler
    startup_stm32f103xe.o(RESET) refers to stm32f1xx_it.o(i.HardFault_Handler) for HardFault_Handler
    startup_stm32f103xe.o(RESET) refers to stm32f1xx_it.o(i.MemManage_Handler) for MemManage_Handler
    startup_stm32f103xe.o(RESET) refers to stm32f1xx_it.o(i.BusFault_Handler) for BusFault_Handler
    startup_stm32f103xe.o(RESET) refers to stm32f1xx_it.o(i.UsageFault_Handler) for UsageFault_Handler
    startup_stm32f103xe.o(RESET) refers to port.o(.emb_text) for SVC_Handler
    startup_stm32f103xe.o(RESET) refers to stm32f1xx_it.o(i.DebugMon_Handler) for DebugMon_Handler
    startup_stm32f103xe.o(RESET) refers to port.o(i.SysTick_Handler) for SysTick_Handler
    startup_stm32f103xe.o(RESET) refers to stm32f1xx_it.o(i.DMA1_Channel1_IRQHandler) for DMA1_Channel1_IRQHandler
    startup_stm32f103xe.o(RESET) refers to stm32f1xx_it.o(i.TIM1_UP_IRQHandler) for TIM1_UP_IRQHandler
    startup_stm32f103xe.o(.text) refers (Special) to heapauxi.o(.text) for __use_two_region_memory
    startup_stm32f103xe.o(.text) refers to system_stm32f1xx.o(i.SystemInit) for SystemInit
    startup_stm32f103xe.o(.text) refers to __main.o(!!!main) for __main
    startup_stm32f103xe.o(.text) refers to startup_stm32f103xe.o(HEAP) for Heap_Mem
    startup_stm32f103xe.o(.text) refers to startup_stm32f103xe.o(STACK) for Stack_Mem
    main.o(i.HAL_TIM_PeriodElapsedCallback) refers to stm32f1xx_hal.o(i.HAL_IncTick) for HAL_IncTick
    main.o(i.MX_ADC1_Init) refers to stm32f1xx_hal_adc.o(i.HAL_ADC_Init) for HAL_ADC_Init
    main.o(i.MX_ADC1_Init) refers to main.o(i.Error_Handler) for Error_Handler
    main.o(i.MX_ADC1_Init) refers to stm32f1xx_hal_adc.o(i.HAL_ADC_ConfigChannel) for HAL_ADC_ConfigChannel
    main.o(i.MX_ADC1_Init) refers to main.o(.bss) for hadc1
    main.o(i.MX_DMA_Init) refers to stm32f1xx_hal_cortex.o(i.HAL_NVIC_SetPriority) for HAL_NVIC_SetPriority
    main.o(i.MX_DMA_Init) refers to stm32f1xx_hal_cortex.o(i.HAL_NVIC_EnableIRQ) for HAL_NVIC_EnableIRQ
    main.o(i.MX_GPIO_Init) refers to stm32f1xx_hal_gpio.o(i.HAL_GPIO_WritePin) for HAL_GPIO_WritePin
    main.o(i.MX_GPIO_Init) refers to stm32f1xx_hal_gpio.o(i.HAL_GPIO_Init) for HAL_GPIO_Init
    main.o(i.MX_I2C1_Init) refers to stm32f1xx_hal_i2c.o(i.HAL_I2C_Init) for HAL_I2C_Init
    main.o(i.MX_I2C1_Init) refers to main.o(i.Error_Handler) for Error_Handler
    main.o(i.MX_I2C1_Init) refers to main.o(.bss) for hi2c1
    main.o(i.StartDefaultTask) refers to newcontrol.o(i.newControlProcess) for newControlProcess
    main.o(i.StartDefaultTask) refers to cmsis_os2.o(i.osDelay) for osDelay
    main.o(i.StartTask02) refers to cmsis_os2.o(i.osDelay) for osDelay
    main.o(i.StartTask03) refers to cmsis_os2.o(i.osDelay) for osDelay
    main.o(i.StartTask04) refers to cmsis_os2.o(i.osDelay) for osDelay
    main.o(i.SystemClock_Config) refers to rt_memclr_w.o(.text) for __aeabi_memclr4
    main.o(i.SystemClock_Config) refers to stm32f1xx_hal_rcc.o(i.HAL_RCC_OscConfig) for HAL_RCC_OscConfig
    main.o(i.SystemClock_Config) refers to main.o(i.Error_Handler) for Error_Handler
    main.o(i.SystemClock_Config) refers to stm32f1xx_hal_rcc.o(i.HAL_RCC_ClockConfig) for HAL_RCC_ClockConfig
    main.o(i.SystemClock_Config) refers to stm32f1xx_hal_rcc_ex.o(i.HAL_RCCEx_PeriphCLKConfig) for HAL_RCCEx_PeriphCLKConfig
    main.o(i.main) refers to stm32f1xx_hal.o(i.HAL_Init) for HAL_Init
    main.o(i.main) refers to main.o(i.SystemClock_Config) for SystemClock_Config
    main.o(i.main) refers to main.o(i.MX_GPIO_Init) for MX_GPIO_Init
    main.o(i.main) refers to main.o(i.MX_DMA_Init) for MX_DMA_Init
    main.o(i.main) refers to main.o(i.MX_ADC1_Init) for MX_ADC1_Init
    main.o(i.main) refers to main.o(i.MX_I2C1_Init) for MX_I2C1_Init
    main.o(i.main) refers to newcontrol.o(i.newControlConfiguration) for newControlConfiguration
    main.o(i.main) refers to cmsis_os2.o(i.osKernelInitialize) for osKernelInitialize
    main.o(i.main) refers to cmsis_os2.o(i.osThreadNew) for osThreadNew
    main.o(i.main) refers to cmsis_os2.o(i.osKernelStart) for osKernelStart
    main.o(i.main) refers to main.o(.constdata) for defaultTask_attributes
    main.o(i.main) refers to main.o(i.StartDefaultTask) for StartDefaultTask
[...]
    i.DMA1_Channel1_IRQHandler               0x08000510   Section        0  stm32f1xx_it.o(i.DMA1_Channel1_IRQHandler)
    i.DebugMon_Handler                       0x08000520   Section        0  stm32f1xx_it.o(i.DebugMon_Handler)
    i.Error_Handler                          0x08000522   Section        0  main.o(i.Error_Handler)
    i.HAL_ADC_ConfigChannel                  0x08000524   Section        0  stm32f1xx_hal_adc.o(i.HAL_ADC_ConfigChannel)
    i.HAL_ADC_Init                           0x08000684   Section        0  stm32f1xx_hal_adc.o(i.HAL_ADC_Init)
    i.HAL_ADC_MspInit                        0x080007e4   Section        0  stm32f1xx_hal_msp.o(i.HAL_ADC_MspInit)
    i.HAL_DMA_IRQHandler                     0x08000894   Section        0  stm32f1xx_hal_dma.o(i.HAL_DMA_IRQHandler)
    i.HAL_DMA_Init                           0x08000c2c   Section        0  stm32f1xx_hal_dma.o(i.HAL_DMA_Init)
    i.HAL_Delay                              0x08000cb8   Section        0  stm32f1xx_hal.o(i.HAL_Delay)
    i.HAL_GPIO_Init                          0x08000ce0   Section        0  stm32f1xx_hal_gpio.o(i.HAL_GPIO_Init)
    i.HAL_GPIO_ReadPin                       0x08001020   Section        0  stm32f1xx_hal_gpio.o(i.HAL_GPIO_ReadPin)
    i.HAL_GPIO_TogglePin                     0x08001030   Section        0  stm32f1xx_hal_gpio.o(i.HAL_GPIO_TogglePin)
    i.HAL_GPIO_WritePin                      0x08001044   Section        0  stm32f1xx_hal_gpio.o(i.HAL_GPIO_WritePin)
    i.HAL_GetTick                            0x08001050   Section        0  stm32f1xx_hal.o(i.HAL_GetTick)
    i.HAL_I2C_Init                           0x0800105c   Section        0  stm32f1xx_hal_i2c.o(i.HAL_I2C_Init)
    i.HAL_I2C_MspInit                        0x0800122c   Section        0  stm32f1xx_hal_msp.o(i.HAL_I2C_MspInit)
    i.HAL_IncTick                            0x080012a0   Section        0  stm32f1xx_hal.o(i.HAL_IncTick)
    i.HAL_Init                               0x080012b8   Section        0  stm32f1xx_hal.o(i.HAL_Init)
    i.HAL_InitTick                           0x080012e0   Section        0  stm32f1xx_hal_timebase_tim.o(i.HAL_InitTick)
    i.HAL_MspInit                            0x08001368   Section        0  stm32f1xx_hal_msp.o(i.HAL_MspInit)
    i.HAL_NVIC_EnableIRQ                     0x080013c8   Section        0  stm32f1xx_hal_cortex.o(i.HAL_NVIC_EnableIRQ)
    i.HAL_NVIC_SetPriority                   0x080013e8   Section        0  stm32f1xx_hal_cortex.o(i.HAL_NVIC_SetPriority)
    i.HAL_NVIC_SetPriorityGrouping           0x08001464   Section        0  stm32f1xx_hal_cortex.o(i.HAL_NVIC_SetPriorityGrouping)
    i.HAL_RCCEx_PeriphCLKConfig              0x0800148c   Section        0  stm32f1xx_hal_rcc_ex.o(i.HAL_RCCEx_PeriphCLKConfig)
    i.HAL_RCC_ClockConfig                    0x080015bc   Section        0  stm32f1xx_hal_rcc.o(i.HAL_RCC_ClockConfig)
    i.HAL_RCC_GetClockConfig                 0x08001748   Section        0  stm32f1xx_hal_rcc.o(i.HAL_RCC_GetClockConfig)
    i.HAL_RCC_GetHCLKFreq                    0x0800178c   Section        0  stm32f1xx_hal_rcc.o(i.HAL_RCC_GetHCLKFreq)
    i.HAL_RCC_GetPCLK1Freq                   0x08001798   Section        0  stm32f1xx_hal_rcc.o(i.HAL_RCC_GetPCLK1Freq)
    i.HAL_RCC_GetPCLK2Freq                   0x080017b8   Section        0  stm32f1xx_hal_rcc.o(i.HAL_RCC_GetPCLK2Freq)
    i.HAL_RCC_GetSysClockFreq                0x080017d8   Section        0  stm32f1xx_hal_rcc.o(i.HAL_RCC_GetSysClockFreq)
    i.HAL_RCC_OscConfig                      0x0800186c   Section        0  stm32f1xx_hal_rcc.o(i.HAL_RCC_OscConfig)
    i.HAL_TIMEx_BreakCallback                0x08001cd0   Section        0  stm32f1xx_hal_tim_ex.o(i.HAL_TIMEx_BreakCallback)
    i.HAL_TIMEx_CommutCallback               0x08001cd2   Section        0  stm32f1xx_hal_tim_ex.o(i.HAL_TIMEx_CommutCallback)
    i.HAL_TIM_Base_Init                      0x08001cd4   Section        0  stm32f1xx_hal_tim.o(i.HAL_TIM_Base_Init)
    i.HAL_TIM_Base_MspInit                   0x08001d3a   Section        0  stm32f1xx_hal_tim.o(i.HAL_TIM_Base_MspInit)
    i.HAL_TIM_Base_Start_IT                  0x08001d3c   Section        0  stm32f1xx_hal_tim.o(i.HAL_TIM_Base_Start_IT)
    i.HAL_TIM_IC_CaptureCallback             0x08001dcc   Section        0  stm32f1xx_hal_tim.o(i.HAL_TIM_IC_CaptureCallback)
    i.HAL_TIM_IRQHandler                     0x08001dce   Section        0  stm32f1xx_hal_tim.o(i.HAL_TIM_IRQHandler)
    i.HAL_TIM_OC_DelayElapsedCallback        0x08001f64   Section        0  stm32f1xx_hal_tim.o(i.HAL_TIM_OC_DelayElapsedCallback)
    i.HAL_TIM_PWM_PulseFinishedCallback      0x08001f66   Section        0  stm32f1xx_hal_tim.o(i.HAL_TIM_PWM_PulseFinishedCallback)
    i.HAL_TIM_PeriodElapsedCallback          0x08001f68   Section        0  main.o(i.HAL_TIM_PeriodElapsedCallback)
    i.HAL_TIM_TriggerCallback                0x08001f80   Section        0  stm32f1xx_hal_tim.o(i.HAL_TIM_TriggerCallback)
    i.HardFault_Handler                      0x08001f82   Section        0  stm32f1xx_it.o(i.HardFault_Handler)
    i.MX_ADC1_Init                           0x08001f88   Section        0  main.o(i.MX_ADC1_Init)
    MX_ADC1_Init                             0x08001f89   Thumb Code    86  main.o(i.MX_ADC1_Init)
    i.MX_DMA_Init                            0x08001fe8   Section        0  main.o(i.MX_DMA_Init)
    MX_DMA_Init                              0x08001fe9   Thumb Code    48  main.o(i.MX_DMA_Init)
    i.MX_GPIO_Init                           0x0800201c   Section        0  main.o(i.MX_GPIO_Init)
    MX_GPIO_Init                             0x0800201d   Thumb Code   254  main.o(i.MX_GPIO_Init)
    i.MX_I2C1_Init                           0x0800212c   Section        0  main.o(i.MX_I2C1_Init)
    MX_I2C1_Init                             0x0800212d   Thumb Code    48  main.o(i.MX_I2C1_Init)
    i.MemManage_Handler                      0x08002168   Section        0  stm32f1xx_it.o(i.MemManage_Handler)
    i.NMI_Handler                            0x0800216c   Section        0  stm32f1xx_it.o(i.NMI_Handler)
    i.OptoAndRemote1Process                  0x08002170   Section        0  newcontrol.o(i.OptoAndRemote1Process)
    OptoAndRemote1Process                    0x08002171   Thumb Code    56  newcontrol.o(i.OptoAndRemote1Process)
    i.OptoAndRemote2Process                  0x080021b0   Section        0  newcontrol.o(i.OptoAndRemote2Process)
    OptoAndRemote2Process                    0x080021b1   Thumb Code   234  newcontrol.o(i.OptoAndRemote2Process)
    i.OptoAndRemoteDisableSys                0x080022bc   Section        0  newcontrol.o(i.OptoAndRemoteDisableSys)
    OptoAndRemoteDisableSys                  0x080022bd   Thumb Code   138  newcontrol.o(i.OptoAndRemoteDisableSys)
    i.OptoAndRemoteEnableAndDisableProcess   0x0800235c   Section        0  newcontrol.o(i.OptoAndRemoteEnableAndDisableProcess)
    OptoAndRemoteEnableAndDisableProcess     0x0800235d   Thumb Code   164  newcontrol.o(i.OptoAndRemoteEnableAndDisableProcess)
    i.OptoAndRemoteEnableSys                 0x08002410   Section        0  newcontrol.o(i.OptoAndRemoteEnableSys)
    OptoAndRemoteEnableSys                   0x08002411   Thumb Code   136  newcontrol.o(i.OptoAndRemoteEnableSys)
    i.RCC_Delay                              0x080024ac   Section        0  stm32f1xx_hal_rcc.o(i.RCC_Delay)
    RCC_Delay                                0x080024ad   Thumb Code    36  stm32f1xx_hal_rcc.o(i.RCC_Delay)
    i.StartDefaultTask                       0x080024d4   Section        0  main.o(i.StartDefaultTask)
    i.StartTask02                            0x080024e2   Section        0  main.o(i.StartTask02)
    i.StartTask03                            0x080024ec   Section        0  main.o(i.StartTask03)
    i.StartTask04                            0x080024f6   Section        0  main.o(i.StartTask04)
    i.SysTick_Handler                        0x08002500   Section        0  port.o(i.SysTick_Handler)
    i.SystemClock_Config                     0x08002534   Section        0  main.o(i.SystemClock_Config)
    i.SystemInit                             0x080025b6   Section        0  system_stm32f1xx.o(i.SystemInit)
    i.TIM1_UP_IRQHandler                     0x080025b8   Section        0  stm32f1xx_it.o(i.TIM1_UP_IRQHandler)
    i.TIM_Base_SetConfig                     0x080025c8   Section        0  stm32f1xx_hal_tim.o(i.TIM_Base_SetConfig)
    i.UsageFault_Handler                     0x08002664   Section        0  stm32f1xx_it.o(i.UsageFault_Handler)
    i.__NVIC_GetPriorityGrouping             0x08002668   Section        0  stm32f1xx_hal_cortex.o(i.__NVIC_GetPriorityGrouping)
    __NVIC_GetPriorityGrouping               0x08002669   Thumb Code    10  stm32f1xx_hal_cortex.o(i.__NVIC_GetPriorityGrouping)
    i.__NVIC_SetPriority                     0x08002678   Section        0  stm32f1xx_hal_cortex.o(i.__NVIC_SetPriority)
    __NVIC_SetPriority                       0x08002679   Thumb Code    32  stm32f1xx_hal_cortex.o(i.__NVIC_SetPriority)
    i.__get_BASEPRI                          0x080026a0   Section        0  cmsis_os2.o(i.__get_BASEPRI)
    __get_BASEPRI                            0x080026a1   Thumb Code     6  cmsis_os2.o(i.__get_BASEPRI)
    i.__get_IPSR                             0x080026a6   Section        0  cmsis_os2.o(i.__get_IPSR)
    __get_IPSR                               0x080026a7   Thumb Code     6  cmsis_os2.o(i.__get_IPSR)
    i.__get_PRIMASK                          0x080026ac   Section        0  cmsis_os2.o(i.__get_PRIMASK)
    __get_PRIMASK                            0x080026ad   Thumb Code     6  cmsis_os2.o(i.__get_PRIMASK)
    i.disableManager                         0x080026b2   Section        0  newcontrol.o(i.disableManager)
    disableManager                           0x080026b3   Thumb Code    58  newcontrol.o(i.disableManager)
    i.main                                   0x080026ec   Section        0  main.o(i.main)
    i.newControlConfiguration                0x0800277c   Section        0  newcontrol.o(i.newControlConfiguration)
    i.newControlProcess                      0x080027a0   Section        0  newcontrol.o(i.newControlProcess)
    i.newControl_offAllRelay                 0x080027b0   Section        0  newcontrol.o(i.newControl_offAllRelay)
    newControl_offAllRelay                   0x080027b1   Thumb Code    24  newcontrol.o(i.newControl_offAllRelay)
    i.newControl_relay1State                 0x080027cc   Section        0  newcontrol.o(i.newControl_relay1State)
    newControl_relay1State                   0x080027cd   Thumb Code    34  newcontrol.o(i.newControl_relay1State)
    i.newControl_relay2State                 0x080027f4   Section        0  newcontrol.o(i.newControl_relay2State)
    newControl_relay2State                   0x080027f5   Thumb Code    34  newcontrol.o(i.newControl_relay2State)
    i.osDelay                                0x0800281c   Section        0  cmsis_os2.o(i.osDelay)
    i.osKernelInitialize                     0x08002854   Section        0  cmsis_os2.o(i.osKernelInitialize)
    i.osKernelStart                          0x08002894   Section        0  cmsis_os2.o(i.osKernelStart)
    i.osThreadNew                            0x080028d8   Section        0  cmsis_os2.o(i.osThreadNew)
    i.prvAddCurrentTaskToDelayedList         0x080029b4   Section        0  tasks.o(i.prvAddCurrentTaskToDelayedList)
    prvAddCurrentTaskToDelayedList           0x080029b5   Thumb Code   100  tasks.o(i.prvAddCurrentTaskToDelayedList)
    i.prvAddNewTaskToReadyList               0x08002a30   Section        0  tasks.o(i.prvAddNewTaskToReadyList)
    prvAddNewTaskToReadyList                 0x08002a31   Thumb Code   154  tasks.o(i.prvAddNewTaskToReadyList)
    i.prvCheckForValidListAndQueue           0x08002ae8   Section        0  timers.o(i.prvCheckForValidListAndQueue)
    prvCheckForValidListAndQueue             0x08002ae9   Thumb Code    78  timers.o(i.prvCheckForValidListAndQueue)
    i.prvCheckTasksWaitingTermination        0x08002b5c   Section        0  tasks.o(i.prvCheckTasksWaitingTermination)
    prvCheckTasksWaitingTermination          0x08002b5d   Thumb Code    60  tasks.o(i.prvCheckTasksWaitingTermination)
    i.prvCopyDataFromQueue                   0x08002ba4   Section        0  queue.o(i.prvCopyDataFromQueue)
    prvCopyDataFromQueue                     0x08002ba5   Thumb Code    42  queue.o(i.prvCopyDataFromQueue)
    i.prvCopyDataToQueue                     0x08002bce   Section        0  queue.o(i.prvCopyDataToQueue)
    prvCopyDataToQueue                       0x08002bcf   Thumb Code   124  queue.o(i.prvCopyDataToQueue)
    i.prvDeleteTCB                           0x08002c4a   Section        0  tasks.o(i.prvDeleteTCB)
    prvDeleteTCB                             0x08002c4b   Thumb Code    80  tasks.o(i.prvDeleteTCB)
    i.prvGetNextExpireTime                   0x08002c9c   Section        0  timers.o(i.prvGetNextExpireTime)
    prvGetNextExpireTime                     0x08002c9d   Thumb Code    36  timers.o(i.prvGetNextExpireTime)
    i.prvHeapInit                            0x08002cc4   Section        0  heap_4.o(i.prvHeapInit)
    prvHeapInit                              0x08002cc5   Thumb Code    98  heap_4.o(i.prvHeapInit)
    i.prvIdleTask                            0x08002d40   Section        0  tasks.o(i.prvIdleTask)
    prvIdleTask                              0x08002d41   Thumb Code    32  tasks.o(i.prvIdleTask)
    i.prvInitialiseNewQueue                  0x08002d68   Section        0  queue.o(i.prvInitialiseNewQueue)
    prvInitialiseNewQueue                    0x08002d69   Thumb Code    42  queue.o(i.prvInitialiseNewQueue)
    i.prvInitialiseNewTask                   0x08002d92   Section        0  tasks.o(i.prvInitialiseNewTask)
    prvInitialiseNewTask                     0x08002d93   Thumb Code   180  tasks.o(i.prvInitialiseNewTask)
    i.prvInitialiseTaskLists                 0x08002e48   Section        0  tasks.o(i.prvInitialiseTaskLists)
    prvInitialiseTaskLists                   0x08002e49   Thumb Code    70  tasks.o(i.prvInitialiseTaskLists)
    i.prvInsertBlockIntoFreeList             0x08002eb0   Section        0  heap_4.o(i.prvInsertBlockIntoFreeList)
    prvInsertBlockIntoFreeList               0x08002eb1   Thumb Code    96  heap_4.o(i.prvInsertBlockIntoFreeList)
    i.prvInsertTimerInActiveList             0x08002f18   Section        0  timers.o(i.prvInsertTimerInActiveList)
    prvInsertTimerInActiveList               0x08002f19   Thumb Code    80  timers.o(i.prvInsertTimerInActiveList)
    i.prvIsQueueEmpty                        0x08002f70   Section        0  queue.o(i.prvIsQueueEmpty)
    prvIsQueueEmpty                          0x08002f71   Thumb Code    26  queue.o(i.prvIsQueueEmpty)
    i.prvIsQueueFull                         0x08002f8a   Section        0  queue.o(i.prvIsQueueFull)
    prvIsQueueFull                           0x08002f8b   Thumb Code    30  queue.o(i.prvIsQueueFull)
    i.prvProcessExpiredTimer                 0x08002fa8   Section        0  timers.o(i.prvProcessExpiredTimer)
    prvProcessExpiredTimer                   0x08002fa9   Thumb Code    94  timers.o(i.prvProcessExpiredTimer)
    i.prvProcessReceivedCommands             0x0800300c   Section        0  timers.o(i.prvProcessReceivedCommands)
    prvProcessReceivedCommands               0x0800300d   Thumb Code   290  timers.o(i.prvProcessReceivedCommands)
    i.prvProcessTimerOrBlockTask             0x08003134   Section        0  timers.o(i.prvProcessTimerOrBlockTask)
    prvProcessTimerOrBlockTask               0x08003135   Thumb Code   102  timers.o(i.prvProcessTimerOrBlockTask)
    i.prvResetNextTaskUnblockTime            0x080031a8   Section        0  tasks.o(i.prvResetNextTaskUnblockTime)
    prvResetNextTaskUnblockTime              0x080031a9   Thumb Code    42  tasks.o(i.prvResetNextTaskUnblockTime)
    i.prvSampleTimeNow                       0x080031dc   Section        0  timers.o(i.prvSampleTimeNow)
    prvSampleTimeNow                         0x080031dd   Thumb Code    40  timers.o(i.prvSampleTimeNow)
    i.prvSwitchTimerLists                    0x08003208   Section        0  timers.o(i.prvSwitchTimerLists)
    prvSwitchTimerLists                      0x08003209   Thumb Code   150  timers.o(i.prvSwitchTimerLists)
    i.prvTaskExitError                       0x080032a8   Section        0  port.o(i.prvTaskExitError)
    prvTaskExitError                         0x080032a9   Thumb Code    60  port.o(i.prvTaskExitError)
    i.prvTimerTask                           0x080032e8   Section        0  timers.o(i.prvTimerTask)
    prvTimerTask                             0x080032e9   Thumb Code    26  timers.o(i.prvTimerTask)
    i.prvUnlockQueue                         0x08003302   Section        0  queue.o(i.prvUnlockQueue)
    prvUnlockQueue                           0x08003303   Thumb Code   126  queue.o(i.prvUnlockQueue)
    i.pvPortMalloc                           0x08003380   Section        0  heap_4.o(i.pvPortMalloc)
    i.pxPortInitialiseStack                  0x080034bc   Section        0  port.o(i.pxPortInitialiseStack)
    i.uxListRemove                           0x080034e0   Section        0  list.o(i.uxListRemove)
    i.vApplicationGetIdleTaskMemory          0x08003508   Section        0  cmsis_os2.o(i.vApplicationGetIdleTaskMemory)
    i.vApplicationGetTimerTaskMemory         0x08003520   Section        0  cmsis_os2.o(i.vApplicationGetTimerTaskMemory)
    i.vListInitialise                        0x08003538   Section        0  list.o(i.vListInitialise)
    i.vListInitialiseItem                    0x08003552   Section        0  list.o(i.vListInitialiseItem)
    i.vListInsert                            0x08003558   Section        0  list.o(i.vListInsert)
    i.vListInsertEnd                         0x0800358c   Section        0  list.o(i.vListInsertEnd)
    i.vPortEnterCritical                     0x080035a4   Section        0  port.o(i.vPortEnterCritical)
    i.vPortExitCritical                      0x080035f8   Section        0  port.o(i.vPortExitCritical)
    i.vPortFree                              0x08003634   Section        0  heap_4.o(i.vPortFree)
    i.vPortSetupTimerInterrupt               0x080036c8   Section        0  port.o(i.vPortSetupTimerInterrupt)
    i.vPortValidateInterruptPriority         0x080036f0   Section        0  port.o(i.vPortValidateInterruptPriority)
    i.vQueueAddToRegistry                    0x08003768   Section        0  queue.o(i.vQueueAddToRegistry)
    i.vQueueWaitForMessageRestricted         0x08003794   Section        0  queue.o(i.vQueueWaitForMessageRestricted)
    i.vTaskDelay                             0x080037e0   Section        0  tasks.o(i.vTaskDelay)
    i.vTaskInternalSetTimeOutState           0x0800383c   Section        0  tasks.o(i.vTaskInternalSetTimeOutState)
    i.vTaskMissedYield                       0x08003854   Section        0  tasks.o(i.vTaskMissedYield)
    i.vTaskPlaceOnEventList                  0x08003860   Section        0  tasks.o(i.vTaskPlaceOnEventList)
    i.vTaskPlaceOnEventListRestricted        0x08003898   Section        0  tasks.o(i.vTaskPlaceOnEventListRestricted)
    i.vTaskStartScheduler                    0x080038d8   Section        0  tasks.o(i.vTaskStartScheduler)
    i.vTaskSuspendAll                        0x08003990   Section        0  tasks.o(i.vTaskSuspendAll)
    i.vTaskSwitchContext                     0x080039a0   Section        0  tasks.o(i.vTaskSwitchContext)
    i.xPortStartScheduler                    0x08003a30   Section        0  port.o(i.xPortStartScheduler)
    i.xQueueGenericCreateStatic              0x08003b28   Section        0  queue.o(i.xQueueGenericCreateStatic)
    i.xQueueGenericReset                     0x08003c08   Section        0  queue.o(i.xQueueGenericReset)
    i.xQueueGenericSend                      0x08003ca0   Section        0  queue.o(i.xQueueGenericSend)
    i.xQueueGenericSendFromISR               0x08003e48   Section        0  queue.o(i.xQueueGenericSendFromISR)
    i.xQueueReceive                          0x08003f40   Section        0  queue.o(i.xQueueReceive)
    i.xTaskCheckForTimeOut                   0x080040a8   Section        0  tasks.o(i.xTaskCheckForTimeOut)
    i.xTaskCreate                            0x08004134   Section        0  tasks.o(i.xTaskCreate)
    i.xTaskCreateStatic                      0x08004198   Section        0  tasks.o(i.xTaskCreateStatic)
    i.xTaskGetSchedulerState                 0x08004250   Section        0  tasks.o(i.xTaskGetSchedulerState)
    i.xTaskGetTickCount                      0x08004270   Section        0  tasks.o(i.xTaskGetTickCount)
    i.xTaskIncrementTick                     0x0800427c   Section        0  tasks.o(i.xTaskIncrementTick)
    i.xTaskPriorityDisinherit                0x080043c0   Section        0  tasks.o(i.xTaskPriorityDisinherit)
    i.xTaskRemoveFromEventList               0x08004464   Section        0  tasks.o(i.xTaskRemoveFromEventList)
    i.xTaskResumeAll                         0x080044fc   Section        0  tasks.o(i.xTaskResumeAll)
    i.xTimerCreateTimerTask                  0x08004600   Section        0  timers.o(i.xTimerCreateTimerTask)
    i.xTimerGenericCommand                   0x08004678   Section        0  timers.o(i.xTimerGenericCommand)
    .constdata                               0x080046fc   Section      144  main.o(.constdata)
    .constdata                               0x0800478c   Section       24  system_stm32f1xx.o(.constdata)
    .conststring                             0x080047a4   Section       48  main.o(.conststring)
    .data                                    0x20000000   Section       25  main.o(.data)
    pinStt                                   0x20000010   Data           8  main.o(.data)
    state                                    0x20000018   Data           1  main.o(.data)
    .data                                    0x2000001c   Section        9  stm32f1xx_hal.o(.data)
    .data                                    0x20000028   Section        4  system_stm32f1xx.o(.data)
    .data                                    0x2000002c   Section       60  tasks.o(.data)
    pxDelayedTaskList                        0x20000030   Data           4  tasks.o(.data)
    pxOverflowDelayedTaskList                0x20000034   Data           4  tasks.o(.data)
    uxDeletedTasksWaitingCleanUp             0x20000038   Data           4  tasks.o(.data)
    uxCurrentNumberOfTasks                   0x2000003c   Data           4  tasks.o(.data)
    xTickCount                               0x20000040   Data           4  tasks.o(.data)
    uxTopReadyPriority                       0x20000044   Data           4  tasks.o(.data)
    xSchedulerRunning                        0x20000048   Data           4  tasks.o(.data)
    uxPendedTicks                            0x2000004c   Data           4  tasks.o(.data)
    xYieldPending                            0x20000050   Data           4  tasks.o(.data)
    xNumOfOverflows                          0x20000054   Data           4  tasks.o(.data)
    uxTaskNumber                             0x20000058   Data           4  tasks.o(.data)
    xNextTaskUnblockTime                     0x2000005c   Data           4  tasks.o(.data)
    xIdleTaskHandle                          0x20000060   Data           4  tasks.o(.data)
    uxSchedulerSuspended                     0x20000064   Data           4  tasks.o(.data)
    .data                                    0x20000068   Section       20  timers.o(.data)
    pxCurrentTimerList                       0x20000068   Data           4  timers.o(.data)
    pxOverflowTimerList                      0x2000006c   Data           4  timers.o(.data)
    xTimerQueue                              0x20000070   Data           4  timers.o(.data)
    xTimerTaskHandle                         0x20000074   Data           4  timers.o(.data)
    xLastTime                                0x20000078   Data           4  timers.o(.data)
    .data                                    0x2000007c   Section        4  cmsis_os2.o(.data)
    KernelState                              0x2000007c   Data           4  cmsis_os2.o(.data)
    .data                                    0x20000080   Section       24  heap_4.o(.data)
    xStart                                   0x20000080   Data           8  heap_4.o(.data)
    pxEnd                                    0x20000088   Data           4  heap_4.o(.data)
    xFreeBytesRemaining                      0x2000008c   Data           4  heap_4.o(.data)
    xMinimumEverFreeBytesRemaining           0x20000090   Data           4  heap_4.o(.data)
    xBlockAllocatedBit                       0x20000094   Data           4  heap_4.o(.data)
    .data                                    0x20000098   Section       12  port.o(.data)
    uxCriticalNesting                        0x20000098   Data           4  port.o(.data)
    ucMaxSysCallPriority                     0x2000009c   Data           1  port.o(.data)
    ulMaxPRIGROUPValue                       0x200000a0   Data           4  port.o(.data)
    .data                                    0x200000a4   Section       54  newcontrol.o(.data)
    timeWaitOnRelay                          0x200000a4   Data           4  newcontrol.o(.data)
    flagOnRelay                              0x200000a8   Data           1  newcontrol.o(.data)
    pinStt                                   0x200000a9   Data           2  newcontrol.o(.data)
    state                                    0x200000ab   Data           1  newcontrol.o(.data)
    timePolling                              0x200000ac   Data           4  newcontrol.o(.data)
    countPolling                             0x200000b0   Data           1  newcontrol.o(.data)
    flagPolling                              0x200000b1   Data           1  newcontrol.o(.data)
    timeTurnOffRelay                         0x200000b4   Data           4  newcontrol.o(.data)
    pinStt                                   0x200000b8   Data           2  newcontrol.o(.data)
    flagButtonRelease                        0x200000ba   Data           2  newcontrol.o(.data)
    timeButtonRelease                        0x200000bc   Data           8  newcontrol.o(.data)
    pinStt                                   0x200000c4   Data           2  newcontrol.o(.data)
    flagButtonRelease                        0x200000c6   Data           2  newcontrol.o(.data)
    timeButtonRelease                        0x200000c8   Data           8  newcontrol.o(.data)
    disablePin                               0x200000d0   Data           1  newcontrol.o(.data)
    timeLed                                  0x200000d4   Data           4  newcontrol.o(.data)
    timeLedToggle                            0x200000d8   Data           2  newcontrol.o(.data)
    .bss                                     0x200000dc   Section      200  main.o(.bss)
    .bss                                     0x200001a4   Section       72  stm32f1xx_hal_timebase_tim.o(.bss)
    .bss                                     0x200001ec   Section       64  queue.o(.bss)
    .bss                                     0x2000022c   Section     1220  tasks.o(.bss)
    pxReadyTasksLists                        0x2000022c   Data        1120  tasks.o(.bss)
    xDelayedTaskList1                        0x2000068c   Data          20  tasks.o(.bss)
    xDelayedTaskList2                        0x200006a0   Data          20  tasks.o(.bss)
    xPendingReadyList                        0x200006b4   Data          20  tasks.o(.bss)
    xTasksWaitingTermination                 0x200006c8   Data          20  tasks.o(.bss)
    xSuspendedTaskList                       0x200006dc   Data          20  tasks.o(.bss)
    .bss                                     0x200006f0   Section      280  timers.o(.bss)
    xActiveTimerList1                        0x200006f0   Data          20  timers.o(.bss)
    xActiveTimerList2                        0x20000704   Data          20  timers.o(.bss)
    xStaticTimerQueue                        0x20000718   Data          80  timers.o(.bss)
    ucStaticTimerQueueStorage                0x20000768   Data         160  timers.o(.bss)
    .bss                                     0x20000808   Section     1720  cmsis_os2.o(.bss)
    Idle_TCB                                 0x20000808   Data          92  cmsis_os2.o(.bss)
    Idle_Stack                               0x20000864   Data         512  cmsis_os2.o(.bss)
    Timer_TCB                                0x20000a64   Data          92  cmsis_os2.o(.bss)
    Timer_Stack                              0x20000ac0   Data        1024  cmsis_os2.o(.bss)
    .bss                                     0x20000ec0   Section     3072  heap_4.o(.bss)
    ucHeap                                   0x20000ec0   Data        3072  heap_4.o(.bss)
    .bss                                     0x20001ac0   Section       12  newcontrol.o(.bss)
    .bss                                     0x20001acc   Section       96  libspace.o(.bss)
    HEAP                                     0x20001b30   Section      512  startup_stm32f103xe.o(HEAP)
    Heap_Mem                                 0x20001b30   Data         512  startup_stm32f103xe.o(HEAP)
    STACK                                    0x20001d30   Section     1024  startup_stm32f103xe.o(STACK)
    Stack_Mem                                0x20001d30   Data        1024  startup_stm32f103xe.o(STACK)
    __initial_sp                             0x20002130   Data           0  startup_stm32f103xe.o(STACK)

    Global Symbols

    Symbol Name                              Value     Ov Type        Size  Object(Section)

    BuildAttributes$$THM_ISAv4$P$D$K$B$S$PE$A:L22UL41UL21$X:L11$S22US41US21$IEEE1$IW$USESV6$~STKCKD$USESV7$~SHL$OSPACE$ROPI$EBA8$UX$STANDARDLIB$REQ8$PRES8$EABIv2 0x00000000   Number         0  anon$$obj.o ABSOLUTE
    __ARM_use_no_argv                        0x00000000   Number         0  main.o ABSOLUTE
    __ARM_exceptions_init                     - Undefined Weak Reference
    __alloca_initialize                       - Undefined Weak Reference
    __arm_fini_                               - Undefined Weak Reference
    __arm_preinit_                            - Undefined Weak Reference
    __cpp_initialize__aeabi_                  - Undefined Weak Reference
    __cxa_finalize                            - Undefined Weak Reference
    __rt_locale                               - Undefined Weak Reference
    __sigvec_lookup                           - Undefined Weak Reference
    _atexit_init                              - Undefined Weak Reference
    _call_atexit_fns                          - Undefined Weak Reference
    _clock_init                               - Undefined Weak Reference
    _fp_trap_init                             - Undefined Weak Reference
    _fp_trap_shutdown                         - Undefined Weak Reference
    _get_lc_collate                           - Undefined Weak Reference
    _get_lc_ctype                             - Undefined Weak Reference
    _get_lc_monetary                          - Undefined Weak Reference
    _get_lc_numeric                           - Undefined Weak Reference
    _get_lc_time                              - Undefined Weak Reference
    _getenv_init                              - Undefined Weak Reference
    _handle_redirection                       - Undefined Weak Reference
    _init_alloc                               - Undefined Weak Reference
    _init_user_alloc                          - Undefined Weak Reference
    _initio                                   - Undefined Weak Reference
    _rand_init                                - Undefined Weak Reference
    _signal_finish                            - Undefined Weak Reference
    _signal_init                              - Undefined Weak Reference
    _terminate_alloc                          - Undefined Weak Reference
    _terminate_user_alloc                     - Undefined Weak Reference
    _terminateio                              - Undefined Weak Reference
    __Vectors_Size                           0x00000130   Number         0  startup_stm32f103xe.o ABSOLUTE
    __Vectors                                0x08000000   Data           4  startup_stm32f103xe.o(RESET)
    __Vectors_End                            0x08000130   Data           0  startup_stm32f103xe.o(RESET)
    __main                                   0x08000131   Thumb Code     8  __main.o(!!!main)
    __scatterload                            0x08000139   Thumb Code     0  __scatter.o(!!!scatter)
    __scatterload_rt2                        0x08000139   Thumb Code    44  __scatter.o(!!!scatter)
    __scatterload_rt2_thumb_only             0x08000139   Thumb Code     0  __scatter.o(!!!scatter)
    __scatterload_null                       0x08000147   Thumb Code     0  __scatter.o(!!!scatter)
    __scatterload_copy                       0x0800016d   Thumb Code    26  __scatter_copy.o(!!handler_copy)
    __scatterload_zeroinit                   0x08000189   Thumb Code    28  __scatter_zi.o(!!handler_zi)
    __rt_lib_init                            0x080001a5   Thumb Code     0  libinit.o(.ARM.Collect$$libinit$$00000000)
    __rt_lib_init_alloca_1                   0x080001a7   Thumb Code     0  libinit2.o(.ARM.Collect$$libinit$$0000002E)
    __rt_lib_init_argv_1                     0x080001a7   Thumb Code     0  libinit2.o(.ARM.Collect$$libinit$$0000002C)
    __rt_lib_init_atexit_1                   0x080001a7   Thumb Code     0  libinit2.o(.ARM.Collect$$libinit$$0000001B)
    __rt_lib_init_clock_1                    0x080001a7   Thumb Code     0  libinit2.o(.ARM.Collect$$libinit$$00000021)
    __rt_lib_init_cpp_1                      0x080001a7   Thumb Code     0  libinit2.o(.ARM.Collect$$libinit$$00000032)
    __rt_lib_init_exceptions_1               0x080001a7   Thumb Code     0  libinit2.o(.ARM.Collect$$libinit$$00000030)
    __rt_lib_init_fp_1                       0x080001a7   Thumb Code     0  libinit2.o(.ARM.Collect$$libinit$$00000002)
    __rt_lib_init_fp_trap_1                  0x080001a7   Thumb Code     0  libinit2.o(.ARM.Collect$$libinit$$0000001F)
    __rt_lib_init_getenv_1                   0x080001a7   Thumb Code     0  libinit2.o(.ARM.Collect$$libinit$$00000023)
    __rt_lib_init_heap_1                     0x080001a7   Thumb Code     0  libinit2.o(.ARM.Collect$$libinit$$0000000A)
    __rt_lib_init_lc_collate_1               0x080001a7   Thumb Code     0  libinit2.o(.ARM.Collect$$libinit$$00000011)
    __rt_lib_init_lc_ctype_1                 0x080001a7   Thumb Code     0  libinit2.o(.ARM.Collect$$libinit$$00000013)
    __rt_lib_init_lc_monetary_1              0x080001a7   Thumb Code     0  libinit2.o(.ARM.Collect$$libinit$$00000015)
    __rt_lib_init_lc_numeric_1               0x080001a7   Thumb Code     0  libinit2.o(.ARM.Collect$$libinit$$00000017)
    __rt_lib_init_lc_time_1                  0x080001a7   Thumb Code     0  libinit2.o(.ARM.Collect$$libinit$$00000019)
    __rt_lib_init_preinit_1                  0x080001a7   Thumb Code     0  libinit2.o(.ARM.Collect$$libinit$$00000004)
    __rt_lib_init_rand_1                     0x080001a7   Thumb Code     0  libinit2.o(.ARM.Collect$$libinit$$0000000E)
    __rt_lib_init_return                     0x080001a7   Thumb Code     0  libinit2.o(.ARM.Collect$$libinit$$00000033)
    __rt_lib_init_signal_1                   0x080001a7   Thumb Code     0  libinit2.o(.ARM.Collect$$libinit$$0000001D)
    __rt_lib_init_stdio_1                    0x080001a7   Thumb Code     0  libinit2.o(.ARM.Collect$$libinit$$00000025)
    __rt_lib_init_user_alloc_1               0x080001a7   Thumb Code     0  libinit2.o(.ARM.Collect$$libinit$$0000000C)
    __rt_lib_shutdown                        0x080001a9   Thumb Code     0  libshutdown.o(.ARM.Collect$$libshutdown$$00000000)
    __rt_lib_shutdown_cpp_1                  0x080001ab   Thumb Code     0  libshutdown2.o(.ARM.Collect$$libshutdown$$00000004)
    __rt_lib_shutdown_fini_1                 0x080001ab   Thumb Code     0  libshutdown2.o(.ARM.Collect$$libshutdown$$00000002)
    __rt_lib_shutdown_fp_trap_1              0x080001ab   Thumb Code     0  libshutdown2.o(.ARM.Collect$$libshutdown$$00000009)
    __rt_lib_shutdown_heap_1                 0x080001ab   Thumb Code     0  libshutdown2.o(.ARM.Collect$$libshutdown$$00000011)
    __rt_lib_shutdown_return                 0x080001ab   Thumb Code     0  libshutdown2.o(.ARM.Collect$$libshutdown$$00000012)
    __rt_lib_shutdown_signal_1               0x080001ab   Thumb Code     0  libshutdown2.o(.ARM.Collect$$libshutdown$$0000000C)
    __rt_lib_shutdown_stdio_1                0x080001ab   Thumb Code     0  libshutdown2.o(.ARM.Collect$$libshutdown$$00000006)
    __rt_lib_shutdown_user_alloc_1           0x080001ab   Thumb Code     0  libshutdown2.o(.ARM.Collect$$libshutdown$$0000000E)
    __rt_entry                               0x080001ad   Thumb Code     0  __rtentry.o(.ARM.Collect$$rtentry$$00000000)
    __rt_entry_presh_1                       0x080001ad   Thumb Code     0  __rtentry2.o(.ARM.Collect$$rtentry$$00000002)
    __rt_entry_sh                            0x080001ad   Thumb Code     0  __rtentry4.o(.ARM.Collect$$rtentry$$00000004)
    __rt_entry_li                            0x080001b3   Thumb Code     0  __rtentry2.o(.ARM.Collect$$rtentry$$0000000A)
    __rt_entry_postsh_1                      0x080001b3   Thumb Code     0  __rtentry2.o(.ARM.Collect$$rtentry$$00000009)
    __rt_entry_main                          0x080001b7   Thumb Code     0  __rtentry2.o(.ARM.Collect$$rtentry$$0000000D)
    __rt_entry_postli_1                      0x080001b7   Thumb Code     0  __rtentry2.o(.ARM.Collect$$rtentry$$0000000C)
    __rt_exit                                0x080001bf   Thumb Code     0  rtexit.o(.ARM.Collect$$rtexit$$00000000)
    __rt_exit_ls                             0x080001c1   Thumb Code     0  rtexit2.o(.ARM.Collect$$rtexit$$00000003)
    __rt_exit_prels_1                        0x080001c1   Thumb Code     0  rtexit2.o(.ARM.Collect$$rtexit$$00000002)
    __rt_exit_exit                           0x080001c5   Thumb Code     0  rtexit2.o(.ARM.Collect$$rtexit$$00000004)
    SVC_Handler                              0x080001cd   Thumb Code    32  port.o(.emb_text)
    __asm___6_port_c_39a90d8d__prvStartFirstTask 0x080001f1   Thumb Code    28  port.o(.emb_text)
    PendSV_Handler                           0x08000211   Thumb Code    72  port.o(.emb_text)
    vPortGetIPSR                             0x0800025d   Thumb Code     6  port.o(.emb_text)
    Reset_Handler                            0x08000265   Thumb Code     8  startup_stm32f103xe.o(.text)
    ADC1_2_IRQHandler                        0x0800027f   Thumb Code     0  startup_stm32f103xe.o(.text)
    ADC3_IRQHandler                          0x0800027f   Thumb Code     0  startup_stm32f103xe.o(.text)
    CAN1_RX1_IRQHandler                      0x0800027f   Thumb Code     0  startup_stm32f103xe.o(.text)
    CAN1_SCE_IRQHandler                      0x0800027f   Thumb Code     0  startup_stm32f103xe.o(.text)
    DMA1_Channel2_IRQHandler                 0x0800027f   Thumb Code     0  startup_stm32f103xe.o(.text)
    DMA1_Channel3_IRQHandler                 0x0800027f   Thumb Code     0  startup_stm32f103xe.o(.text)
    DMA1_Channel4_IRQHandler                 0x0800027f   Thumb Code     0  startup_stm32f103xe.o(.text)
    DMA1_Channel5_IRQHandler                 0x0800027f   Thumb Code     0  startup_stm32f103xe.o(.text)
    DMA1_Channel6_IRQHandler                 0x0800027f   Thumb Code     0  startup_stm32f103xe.o(.text)
    DMA1_Channel7_IRQHandler                 0x0800027f   Thumb Code     0  startup_stm32f103xe.o(.text)
    DMA2_Channel1_IRQHandler                 0x0800027f   Thumb Code     0  startup_stm32f103xe.o(.text)
    DMA2_Channel2_IRQHandler                 0x0800027f   Thumb Code     0  startup_stm32f103xe.o(.text)
    DMA2_Channel3_IRQHandler                 0x0800027f   Thumb Code     0  startup_stm32f103xe.o(.text)
    DMA2_Channel4_5_IRQHandler               0x0800027f   Thumb Code     0  startup_stm32f103xe.o(.text)
    EXTI0_IRQHandler                         0x0800027f   Thumb Code     0  startup_stm32f103xe.o(.text)
    EXTI15_10_IRQHandler                     0x0800027f   Thumb Code     0  startup_stm32f103xe.o(.text)
    EXTI1_IRQHandler                         0x0800027f   Thumb Code     0  startup_stm32f103xe.o(.text)
    EXTI2_IRQHandler                         0x0800027f   Thumb Code     0  startup_stm32f103xe.o(.text)
    EXTI3_IRQHandler                         0x0800027f   Thumb Code     0  startup_stm32f103xe.o(.text)
    EXTI4_IRQHandler                         0x0800027f   Thumb Code     0  startup_stm32f103xe.o(.text)
    EXTI9_5_IRQHandler                       0x0800027f   Thumb Code     0  startup_stm32f103xe.o(.text)
    FLASH_IRQHandler                         0x0800027f   Thumb Code     0  startup_stm32f103xe.o(.text)
    FSMC_IRQHandler                          0x0800027f   Thumb Code     0  startup_stm32f103xe.o(.text)
    I2C1_ER_IRQHandler                       0x0800027f   Thumb Code     0  startup_stm32f103xe.o(.text)
    I2C1_EV_IRQHandler                       0x0800027f   Thumb Code     0  startup_stm32f103xe.o(.text)
    I2C2_ER_IRQHandler                       0x0800027f   Thumb Code     0  startup_stm32f103xe.o(.text)
    I2C2_EV_IRQHandler                       0x0800027f   Thumb Code     0  startup_stm32f103xe.o(.text)
    PVD_IRQHandler                           0x0800027f   Thumb Code     0  startup_stm32f103xe.o(.text)
    RCC_IRQHandler                           0x0800027f   Thumb Code     0  startup_stm32f103xe.o(.text)
    RTC_Alarm_IRQHandler                     0x0800027f   Thumb Code     0  startup_stm32f103xe.o(.text)
    RTC_IRQHandler                           0x0800027f   Thumb Code     0  startup_stm32f103xe.o(.text)
    SDIO_IRQHandler                          0x0800027f   Thumb Code     0  startup_stm32f103xe.o(.text)
    SPI1_IRQHandler                          0x0800027f   Thumb Code     0  startup_stm32f103xe.o(.text)
    SPI2_IRQHandler                          0x0800027f   Thumb Code     0  startup_stm32f103xe.o(.text)
    SPI3_IRQHandler                          0x0800027f   Thumb Code     0  startup_stm32f103xe.o(.text)
    TAMPER_IRQHandler                        0x0800027f   Thumb Code     0  startup_stm32f103xe.o(.text)
    TIM1_BRK_IRQHandler                      0x0800027f   Thumb Code     0  startup_stm32f103xe.o(.text)
    TIM1_CC_IRQHandler                       0x0800027f   Thumb Code     0  startup_stm32f103xe.o(.text)
    TIM1_TRG_COM_IRQHandler                  0x0800027f   Thumb Code     0  startup_stm32f103xe.o(.text)
    TIM2_IRQHandler                          0x0800027f   Thumb Code     0  startup_stm32f103xe.o(.text)
    TIM3_IRQHandler                          0x0800027f   Thumb Code     0  startup_stm32f103xe.o(.text)
    TIM4_IRQHandler                          0x0800027f   Thumb Code     0  startup_stm32f103xe.o(.text)
    TIM5_IRQHandler                          0x0800027f   Thumb Code     0  startup_stm32f103xe.o(.text)
    TIM6_IRQHandler                          0x0800027f   Thumb Code     0  startup_stm32f103xe.o(.text)
    TIM7_IRQHandler                          0x0800027f   Thumb Code     0  startup_stm32f103xe.o(.text)
    TIM8_BRK_IRQHandler                      0x0800027f   Thumb Code     0  startup_stm32f103xe.o(.text)
    TIM8_CC_IRQHandler                       0x0800027f   Thumb Code     0  startup_stm32f103xe.o(.text)
    TIM8_TRG_COM_IRQHandler                  0x0800027f   Thumb Code     0  startup_stm32f103xe.o(.text)
    TIM8_UP_IRQHandler                       0x0800027f   Thumb Code     0  startup_stm32f103xe.o(.text)
    UART4_IRQHandler                         0x0800027f   Thumb Code     0  startup_stm32f103xe.o(.text)
    UART5_IRQHandler                         0x0800027f   Thumb Code     0  startup_stm32f103xe.o(.text)
    USART1_IRQHandler                        0x0800027f   Thumb Code     0  startup_stm32f103xe.o(.text)
    USART2_IRQHandler                        0x0800027f   Thumb Code     0  startup_stm32f103xe.o(.text)
    USART3_IRQHandler                        0x0800027f   Thumb Code     0  startup_stm32f103xe.o(.text)
    USBWakeUp_IRQHandler                     0x0800027f   Thumb Code     0  startup_stm32f103xe.o(.text)
    USB_HP_CAN1_TX_IRQHandler                0x0800027f   Thumb Code     0  startup_stm32f103xe.o(.text)
    USB_LP_CAN1_RX0_IRQHandler               0x0800027f   Thumb Code     0  startup_stm32f103xe.o(.text)
    WWDG_IRQHandler                          0x0800027f   Thumb Code     0  startup_stm32f103xe.o(.text)
    __user_initial_stackheap                 0x08000281   Thumb Code     0  startup_stm32f103xe.o(.text)
    __aeabi_memcpy                           0x080002a5   Thumb Code     0  rt_memcpy_v6.o(.text)
    __rt_memcpy                              0x080002a5   Thumb Code   138  rt_memcpy_v6.o(.text)
    _memcpy_lastbytes                        0x0800030b   Thumb Code     0  rt_memcpy_v6.o(.text)
    __aeabi_memset                           0x0800032f   Thumb Code    16  aeabi_memset.o(.text)
    __aeabi_memclr4                          0x0800033f   Thumb Code     0  rt_memclr_w.o(.text)
    __aeabi_memclr8                          0x0800033f   Thumb Code     0  rt_memclr_w.o(.text)
    __rt_memclr_w                            0x0800033f   Thumb Code    78  rt_memclr_w.o(.text)
    _memset_w                                0x08000343   Thumb Code     0  rt_memclr_w.o(.text)
    __use_two_region_memory                  0x0800038d   Thumb Code     2  heapauxi.o(.text)
    __rt_heap_escrow$2region                 0x0800038f   Thumb Code     2  heapauxi.o(.text)
    __rt_heap_expand$2region                 0x08000391   Thumb Code     2  heapauxi.o(.text)
    __aeabi_memcpy4                          0x08000393   Thumb Code     0  rt_memcpy_w.o(.text)
    __aeabi_memcpy8                          0x08000393   Thumb Code     0  rt_memcpy_w.o(.text)
    __rt_memcpy_w                            0x08000393   Thumb Code   100  rt_memcpy_w.o(.text)
    _memcpy_lastbytes_aligned                0x080003db   Thumb Code     0  rt_memcpy_w.o(.text)
    __aeabi_memclr                           0x080003f7   Thumb Code     0  rt_memclr.o(.text)
    __rt_memclr                              0x080003f7   Thumb Code    68  rt_memclr.o(.text)
    _memset                                  0x080003fb   Thumb Code     0  rt_memclr.o(.text)
    __user_setup_stackheap                   0x0800043b   Thumb Code    74  sys_stackheap_outer.o(.text)
    exit                                     0x08000485   Thumb Code    18  exit.o(.text)
    __user_libspace                          0x08000499   Thumb Code     8  libspace.o(.text)
    __user_perproc_libspace                  0x08000499   Thumb Code     0  libspace.o(.text)
    __user_perthread_libspace                0x08000499   Thumb Code     0  libspace.o(.text)
    _sys_exit                                0x080004a1   Thumb Code     8  sys_exit.o(.text)
    __I$use$semihosting                      0x080004ad   Thumb Code     0  use_no_semi.o(.text)
    __use_no_semihosting_swi                 0x080004ad   Thumb Code     2  use_no_semi.o(.text)
    ADC_ConversionStop_Disable               0x080004af   Thumb Code    92  stm32f1xx_hal_adc.o(i.ADC_ConversionStop_Disable)
    __semihosting_library_function           0x080004af   Thumb Code     0  indicate_semi.o(.text)
    BusFault_Handler                         0x0800050b   Thumb Code     4  stm32f1xx_it.o(i.BusFault_Handler)
    DMA1_Channel1_IRQHandler                 0x08000511   Thumb Code    10  stm32f1xx_it.o(i.DMA1_Channel1_IRQHandler)
    DebugMon_Handler                         0x08000521   Thumb Code     2  stm32f1xx_it.o(i.DebugMon_Handler)
    Error_Handler                            0x08000523   Thumb Code     2  main.o(i.Error_Handler)
    HAL_ADC_ConfigChannel                    0x08000525   Thumb Code   338  stm32f1xx_hal_adc.o(i.HAL_ADC_ConfigChannel)
    HAL_ADC_Init                             0x08000685   Thumb Code   340  stm32f1xx_hal_adc.o(i.HAL_ADC_Init)
    HAL_ADC_MspInit                          0x080007e5   Thumb Code   154  stm32f1xx_hal_msp.o(i.HAL_ADC_MspInit)
    HAL_DMA_IRQHandler                       0x08000895   Thumb Code   910  stm32f1xx_hal_dma.o(i.HAL_DMA_IRQHandler)
    HAL_DMA_Init                             0x08000c2d   Thumb Code   132  stm32f1xx_hal_dma.o(i.HAL_DMA_Init)
    HAL_Delay                                0x08000cb9   Thumb Code    36  stm32f1xx_hal.o(i.HAL_Delay)
    HAL_GPIO_Init                            0x08000ce1   Thumb Code   792  stm32f1xx_hal_gpio.o(i.HAL_GPIO_Init)
    HAL_GPIO_ReadPin                         0x08001021   Thumb Code    16  stm32f1xx_hal_gpio.o(i.HAL_GPIO_ReadPin)
    HAL_GPIO_TogglePin                       0x08001031   Thumb Code    20  stm32f1xx_hal_gpio.o(i.HAL_GPIO_TogglePin)
    HAL_GPIO_WritePin                        0x08001045   Thumb Code    12  stm32f1xx_hal_gpio.o(i.HAL_GPIO_WritePin)
    HAL_GetTick                              0x08001051   Thumb Code     6  stm32f1xx_hal.o(i.HAL_GetTick)
    HAL_I2C_Init                             0x0800105d   Thumb Code   446  stm32f1xx_hal_i2c.o(i.HAL_I2C_Init)
    HAL_I2C_MspInit                          0x0800122d   Thumb Code   104  stm32f1xx_hal_msp.o(i.HAL_I2C_MspInit)
    HAL_IncTick                              0x080012a1   Thumb Code    16  stm32f1xx_hal.o(i.HAL_IncTick)
    HAL_Init                                 0x080012b9   Thumb Code    34  stm32f1xx_hal.o(i.HAL_Init)
    HAL_InitTick                             0x080012e1   Thumb Code   118  stm32f1xx_hal_timebase_tim.o(i.HAL_InitTick)
    HAL_MspInit                              0x08001369   Thumb Code    86  stm32f1xx_hal_msp.o(i.HAL_MspInit)
    HAL_NVIC_EnableIRQ                       0x080013c9   Thumb Code    32  stm32f1xx_hal_cortex.o(i.HAL_NVIC_EnableIRQ)
    HAL_NVIC_SetPriority                     0x080013e9   Thumb Code   124  stm32f1xx_hal_cortex.o(i.HAL_NVIC_SetPriority)
    HAL_NVIC_SetPriorityGrouping             0x08001465   Thumb Code    32  stm32f1xx_hal_cortex.o(i.HAL_NVIC_SetPriorityGrouping)
    HAL_RCCEx_PeriphCLKConfig                0x0800148d   Thumb Code   290  stm32f1xx_hal_rcc_ex.o(i.HAL_RCCEx_PeriphCLKConfig)
    HAL_RCC_ClockConfig                      0x080015bd   Thumb Code   376  stm32f1xx_hal_rcc.o(i.HAL_RCC_ClockConfig)
    HAL_RCC_GetClockConfig                   0x08001749   Thumb Code    58  stm32f1xx_hal_rcc.o(i.HAL_RCC_GetClockConfig)
    HAL_RCC_GetHCLKFreq                      0x0800178d   Thumb Code     6  stm32f1xx_hal_rcc.o(i.HAL_RCC_GetHCLKFreq)
    HAL_RCC_GetPCLK1Freq                     0x08001799   Thumb Code    22  stm32f1xx_hal_rcc.o(i.HAL_RCC_GetPCLK1Freq)
    HAL_RCC_GetPCLK2Freq                     0x080017b9   Thumb Code    22  stm32f1xx_hal_rcc.o(i.HAL_RCC_GetPCLK2Freq)
    HAL_RCC_GetSysClockFreq                  0x080017d9   Thumb Code   116  stm32f1xx_hal_rcc.o(i.HAL_RCC_GetSysClockFreq)
    HAL_RCC_OscConfig                        0x0800186d   Thumb Code  1114  stm32f1xx_hal_rcc.o(i.HAL_RCC_OscConfig)
    HAL_TIMEx_BreakCallback                  0x08001cd1   Thumb Code     2  stm32f1xx_hal_tim_ex.o(i.HAL_TIMEx_BreakCallback)
    HAL_TIMEx_CommutCallback                 0x08001cd3   Thumb Code     2  stm32f1xx_hal_tim_ex.o(i.HAL_TIMEx_CommutCallback)
    HAL_TIM_Base_Init                        0x08001cd5   Thumb Code   102  stm32f1xx_hal_tim.o(i.HAL_TIM_Base_Init)
    HAL_TIM_Base_MspInit                     0x08001d3b   Thumb Code     2  stm32f1xx_hal_tim.o(i.HAL_TIM_Base_MspInit)
    HAL_TIM_Base_Start_IT                    0x08001d3d   Thumb Code   122  stm32f1xx_hal_tim.o(i.HAL_TIM_Base_Start_IT)
    HAL_TIM_IC_CaptureCallback               0x08001dcd   Thumb Code     2  stm32f1xx_hal_tim.o(i.HAL_TIM_IC_CaptureCallback)
    HAL_TIM_IRQHandler                       0x08001dcf   Thumb Code   406  stm32f1xx_hal_tim.o(i.HAL_TIM_IRQHandler)
    HAL_TIM_OC_DelayElapsedCallback          0x08001f65   Thumb Code     2  stm32f1xx_hal_tim.o(i.HAL_TIM_OC_DelayElapsedCallback)
    HAL_TIM_PWM_PulseFinishedCallback        0x08001f67   Thumb Code     2  stm32f1xx_hal_tim.o(i.HAL_TIM_PWM_PulseFinishedCallback)
    HAL_TIM_PeriodElapsedCallback            0x08001f69   Thumb Code    18  main.o(i.HAL_TIM_PeriodElapsedCallback)
    HAL_TIM_TriggerCallback                  0x08001f81   Thumb Code     2  stm32f1xx_hal_tim.o(i.HAL_TIM_TriggerCallback)
    HardFault_Handler                        0x08001f83   Thumb Code     4  stm32f1xx_it.o(i.HardFault_Handler)
    MemManage_Handler                        0x08002169   Thumb Code     4  stm32f1xx_it.o(i.MemManage_Handler)
    NMI_Handler                              0x0800216d   Thumb Code     2  stm32f1xx_it.o(i.NMI_Handler)
    StartDefaultTask                         0x080024d5   Thumb Code    14  main.o(i.StartDefaultTask)
    StartTask02                              0x080024e3   Thumb Code    10  main.o(i.StartTask02)
    StartTask03                              0x080024ed   Thumb Code    10  main.o(i.StartTask03)
    StartTask04                              0x080024f7   Thumb Code    10  main.o(i.StartTask04)
    SysTick_Handler                          0x08002501   Thumb Code    46  port.o(i.SysTick_Handler)
    SystemClock_Config                       0x08002535   Thumb Code   130  main.o(i.SystemClock_Config)
    SystemInit                               0x080025b7   Thumb Code     2  system_stm32f1xx.o(i.SystemInit)
    TIM1_UP_IRQHandler                       0x080025b9   Thumb Code    10  stm32f1xx_it.o(i.TIM1_UP_IRQHandler)
    TIM_Base_SetConfig                       0x080025c9   Thumb Code   134  stm32f1xx_hal_tim.o(i.TIM_Base_SetConfig)
    UsageFault_Handler                       0x08002665   Thumb Code     4  stm32f1xx_it.o(i.UsageFault_Handler)
    main                                     0x080026ed   Thumb Code    96  main.o(i.main)
    newControlConfiguration                  0x0800277d   Thumb Code    26  newcontrol.o(i.newControlConfiguration)
    newControlProcess                        0x080027a1   Thumb Code    10  newcontrol.o(i.newControlProcess)
    osDelay                                  0x0800281d   Thumb Code    50  cmsis_os2.o(i.osDelay)
    osKernelInitialize                       0x08002855   Thumb Code    58  cmsis_os2.o(i.osKernelInitialize)
    osKernelStart                            0x08002895   Thumb Code    64  cmsis_os2.o(i.osKernelStart)
    osThreadNew                              0x080028d9   Thumb Code   216  cmsis_os2.o(i.osThreadNew)
    pvPortMalloc                             0x08003381   Thumb Code   296  heap_4.o(i.pvPortMalloc)
    pxPortInitialiseStack                    0x080034bd   Thumb Code    30  port.o(i.pxPortInitialiseStack)
    uxListRemove                             0x080034e1   Thumb Code    40  list.o(i.uxListRemove)
    vApplicationGetIdleTaskMemory            0x08003509   Thumb Code    14  cmsis_os2.o(i.vApplicationGetIdleTaskMemory)
    vApplicationGetTimerTaskMemory           0x08003521   Thumb Code    16  cmsis_os2.o(i.vApplicationGetTimerTaskMemory)
    vListInitialise                          0x08003539   Thumb Code    26  list.o(i.vListInitialise)
    vListInitialiseItem                      0x08003553   Thumb Code     6  list.o(i.vListInitialiseItem)
    vListInsert                              0x08003559   Thumb Code    52  list.o(i.vListInsert)
    vListInsertEnd                           0x0800358d   Thumb Code    24  list.o(i.vListInsertEnd)
    vPortEnterCritical                       0x080035a5   Thumb Code    76  port.o(i.vPortEnterCritical)
    vPortExitCritical                        0x080035f9   Thumb Code    56  port.o(i.vPortExitCritical)
    vPortFree                                0x08003635   Thumb Code   140  heap_4.o(i.vPortFree)
    vPortSetupTimerInterrupt                 0x080036c9   Thumb Code    36  port.o(i.vPortSetupTimerInterrupt)
    vPortValidateInterruptPriority           0x080036f1   Thumb Code   106  port.o(i.vPortValidateInterruptPriority)
    vQueueAddToRegistry                      0x08003769   Thumb Code    38  queue.o(i.vQueueAddToRegistry)
    vQueueWaitForMessageRestricted           0x08003795   Thumb Code    74  queue.o(i.vQueueWaitForMessageRestricted)
    vTaskDelay                               0x080037e1   Thumb Code    82  tasks.o(i.vTaskDelay)
    vTaskInternalSetTimeOutState             0x0800383d   Thumb Code    14  tasks.o(i.vTaskInternalSetTimeOutState)
    vTaskMissedYield                         0x08003855   Thumb Code     8  tasks.o(i.vTaskMissedYield)
    vTaskPlaceOnEventList                    0x08003861   Thumb Code    52  tasks.o(i.vTaskPlaceOnEventList)
    vTaskPlaceOnEventListRestricted          0x08003899   Thumb Code    60  tasks.o(i.vTaskPlaceOnEventListRestricted)
    vTaskStartScheduler                      0x080038d9   Thumb Code   156  tasks.o(i.vTaskStartScheduler)
    vTaskSuspendAll                          0x08003991   Thumb Code    12  tasks.o(i.vTaskSuspendAll)
    vTaskSwitchContext                       0x080039a1   Thumb Code   122  tasks.o(i.vTaskSwitchContext)
    xPortStartScheduler                      0x08003a31   Thumb Code   228  port.o(i.xPortStartScheduler)
    xQueueGenericCreateStatic                0x08003b29   Thumb Code   222  queue.o(i.xQueueGenericCreateStatic)
    xQueueGenericReset                       0x08003c09   Thumb Code   146  queue.o(i.xQueueGenericReset)
    xQueueGenericSend                        0x08003ca1   Thumb Code   420  queue.o(i.xQueueGenericSend)
    xQueueGenericSendFromISR                 0x08003e49   Thumb Code   248  queue.o(i.xQueueGenericSendFromISR)
    xQueueReceive                            0x08003f41   Thumb Code   356  queue.o(i.xQueueReceive)
    xTaskCheckForTimeOut                     0x080040a9   Thumb Code   132  tasks.o(i.xTaskCheckForTimeOut)
    xTaskCreate                              0x08004135   Thumb Code   100  tasks.o(i.xTaskCreate)
    xTaskCreateStatic                        0x08004199   Thumb Code   184  tasks.o(i.xTaskCreateStatic)
    xTaskGetSchedulerState                   0x08004251   Thumb Code    24  tasks.o(i.xTaskGetSchedulerState)
    xTaskGetTickCount                        0x08004271   Thumb Code     6  tasks.o(i.xTaskGetTickCount)
    xTaskIncrementTick                       0x0800427d   Thumb Code   280  tasks.o(i.xTaskIncrementTick)
    xTaskPriorityDisinherit                  0x080043c1   Thumb Code   152  tasks.o(i.xTaskPriorityDisinherit)
    xTaskRemoveFromEventList                 0x08004465   Thumb Code   126  tasks.o(i.xTaskRemoveFromEventList)
    xTaskResumeAll                           0x080044fd   Thumb Code   222  tasks.o(i.xTaskResumeAll)
    xTimerCreateTimerTask                    0x08004601   Thumb Code   100  timers.o(i.xTimerCreateTimerTask)
    xTimerGenericCommand                     0x08004679   Thumb Code   128  timers.o(i.xTimerGenericCommand)
    defaultTask_attributes                   0x080046fc   Data          36  main.o(.constdata)
    myTask02_attributes                      0x08004720   Data          36  main.o(.constdata)
    myTask03_attributes                      0x08004744   Data          36  main.o(.constdata)
    myTask04_attributes                      0x08004768   Data          36  main.o(.constdata)
    AHBPrescTable                            0x0800478c   Data          16  system_stm32f1xx.o(.constdata)
    APBPrescTable                            0x0800479c   Data           8  system_stm32f1xx.o(.constdata)
    Region$$Table$$Base                      0x080047d4   Number         0  anon$$obj.o(Region$$Table)
    Region$$Table$$Limit                     0x080047f4   Number         0  anon$$obj.o(Region$$Table)
    defaultTaskHandle                        0x20000000   Data           4  main.o(.data)
    myTask02Handle                           0x20000004   Data           4  main.o(.data)
    myTask03Handle                           0x20000008   Data           4  main.o(.data)
    myTask04Handle                           0x2000000c   Data           4  main.o(.data)
    uwTick                                   0x2000001c   Data           4  stm32f1xx_hal.o(.data)
    uwTickPrio                               0x20000020   Data           4  stm32f1xx_hal.o(.data)
    uwTickFreq                               0x20000024   Data           1  stm32f1xx_hal.o(.data)
    SystemCoreClock                          0x20000028   Data           4  system_stm32f1xx.o(.data)
    pxCurrentTCB                             0x2000002c   Data           4  tasks.o(.data)
    hadc1                                    0x200000dc   Data          48  main.o(.bss)
    hdma_adc1                                0x2000010c   Data          68  main.o(.bss)
    hi2c1                                    0x20000150   Data          84  main.o(.bss)
    htim1                                    0x200001a4   Data          72  stm32f1xx_hal_timebase_tim.o(.bss)
    xQueueRegistry                           0x200001ec   Data          64  queue.o(.bss)
    newControl                               0x20001ac0   Data          12  newcontrol.o(.bss)
    __libspace_start                         0x20001acc   Data          96  libspace.o(.bss)
    __temporary_stack_top$libspace           0x20001b2c   Data           0  libspace.o(.bss)



==============================================================================

Memory Map of the image

  Image Entry point : 0x08000131

  Load Region LR_IROM1 (Base: 0x08000000, Size: 0x000048d0, Max: 0x00040000, ABSOLUTE)

    Execution Region ER_IROM1 (Exec base: 0x08000000, Load base: 0x08000000, Size: 0x000047f4, Max: 0x00040000, ABSOLUTE)

    Exec Addr    Load Addr    Size         Type   Attr      Idx    E Section Name        Object

    0x08000000   0x08000000   0x00000130   Data   RO            3    RESET               startup_stm32f103xe.o
    0x08000130   0x08000130   0x00000008   Code   RO         5001  * !!!main             c_w.l(__main.o)
    0x08000138   0x08000138   0x00000034   Code   RO         5164    !!!scatter          c_w.l(__scatter.o)
    0x0800016c   0x0800016c   0x0000001a   Code   RO         5166    !!handler_copy      c_w.l(__scatter_copy.o)
    0x08000186   0x08000186   0x00000002   PAD
    0x08000188   0x08000188   0x0000001c   Code   RO         5168    !!handler_zi        c_w.l(__scatter_zi.o)
    0x080001a4   0x080001a4   0x00000002   Code   RO         5032    .ARM.Collect$$libinit$$00000000  c_w.l(libinit.o)
    0x080001a6   0x080001a6   0x00000000   Code   RO         5039    .ARM.Collect$$libinit$$00000002  c_w.l(libinit2.o)
    0x080001a6   0x080001a6   0x00000000   Code   RO         5041    .ARM.Collect$$libinit$$00000004  c_w.l(libinit2.o)
    0x080001a6   0x080001a6   0x00000000   Code   RO         5044    .ARM.Collect$$libinit$$0000000A  c_w.l(libinit2.o)
    0x080001a6   0x080001a6   0x00000000   Code   RO         5046    .ARM.Collect$$libinit$$0000000C  c_w.l(libinit2.o)
    0x080001a6   0x080001a6   0x00000000   Code   RO         5048    .ARM.Collect$$libinit$$0000000E  c_w.l(libinit2.o)
    0x080001a6   0x080001a6   0x00000000   Code   RO         5051    .ARM.Collect$$libinit$$00000011  c_w.l(libinit2.o)
    0x080001a6   0x080001a6   0x00000000   Code   RO         5053    .ARM.Collect$$libinit$$00000013  c_w.l(libinit2.o)
    0x080001a6   0x080001a6   0x00000000   Code   RO         5055    .ARM.Collect$$libinit$$00000015  c_w.l(libinit2.o)
    0x080001a6   0x080001a6   0x00000000   Code   RO         5057    .ARM.Collect$$libinit$$00000017  c_w.l(libinit2.o)
    0x080001a6   0x080001a6   0x00000000   Code   RO         5059    .ARM.Collect$$libinit$$00000019  c_w.l(libinit2.o)
    0x080001a6   0x080001a6   0x00000000   Code   RO         5061    .ARM.Collect$$libinit$$0000001B  c_w.l(libinit2.o)
    0x080001a6   0x080001a6   0x00000000   Code   RO         5063    .ARM.Collect$$libinit$$0000001D  c_w.l(libinit2.o)
    0x080001a6   0x080001a6   0x00000000   Code   RO         5065    .ARM.Collect$$libinit$$0000001F  c_w.l(libinit2.o)
    0x080001a6   0x080001a6   0x00000000   Code   RO         5067    .ARM.Collect$$libinit$$00000021  c_w.l(libinit2.o)
    0x080001a6   0x080001a6   0x00000000   Code   RO         5069    .ARM.Collect$$libinit$$00000023  c_w.l(libinit2.o)
    0x080001a6   0x080001a6   0x00000000   Code   RO         5071    .ARM.Collect$$libinit$$00000025  c_w.l(libinit2.o)
    0x080001a6   0x080001a6   0x00000000   Code   RO         5075    .ARM.Collect$$libinit$$0000002C  c_w.l(libinit2.o)
    0x080001a6   0x080001a6   0x00000000   Code   RO         5077    .ARM.Collect$$libinit$$0000002E  c_w.l(libinit2.o)
    0x080001a6   0x080001a6   0x00000000   Code   RO         5079    .ARM.Collect$$libinit$$00000030  c_w.l(libinit2.o)
    0x080001a6   0x080001a6   0x00000000   Code   RO         5081    .ARM.Collect$$libinit$$00000032  c_w.l(libinit2.o)
    0x080001a6   0x080001a6   0x00000002   Code   RO         5082    .ARM.Collect$$libinit$$00000033  c_w.l(libinit2.o)
    0x080001a8   0x080001a8   0x00000002   Code   RO         5102    .ARM.Collect$$libshutdown$$00000000  c_w.l(libshutdown.o)
    0x080001aa   0x080001aa   0x00000000   Code   RO         5115    .ARM.Collect$$libshutdown$$00000002  c_w.l(libshutdown2.o)
    0x080001aa   0x080001aa   0x00000000   Code   RO         5117    .ARM.Collect$$libshutdown$$00000004  c_w.l(libshutdown2.o)
    0x080001aa   0x080001aa   0x00000000   Code   RO         5119    .ARM.Collect$$libshutdown$$00000006  c_w.l(libshutdown2.o)
    0x080001aa   0x080001aa   0x00000000   Code   RO         5122    .ARM.Collect$$libshutdown$$00000009  c_w.l(libshutdown2.o)
    0x080001aa   0x080001aa   0x00000000   Code   RO         5125    .ARM.Collect$$libshutdown$$0000000C  c_w.l(libshutdown2.o)
    0x080001aa   0x080001aa   0x00000000   Code   RO         5127    .ARM.Collect$$libshutdown$$0000000E  c_w.l(libshutdown2.o)
    0x080001aa   0x080001aa   0x00000000   Code   RO         5130    .ARM.Collect$$libshutdown$$00000011  c_w.l(libshutdown2.o)
    0x080001aa   0x080001aa   0x00000002   Code   RO         5131    .ARM.Collect$$libshutdown$$00000012  c_w.l(libshutdown2.o)
    0x080001ac   0x080001ac   0x00000000   Code   RO         5003    .ARM.Collect$$rtentry$$00000000  c_w.l(__rtentry.o)
    0x080001ac   0x080001ac   0x00000000   Code   RO         5009    .ARM.Collect$$rtentry$$00000002  c_w.l(__rtentry2.o)
    0x080001ac   0x080001ac   0x00000006   Code   RO         5021    .ARM.Collect$$rtentry$$00000004  c_w.l(__rtentry4.o)
    0x080001b2   0x080001b2   0x00000000   Code   RO         5011    .ARM.Collect$$rtentry$$00000009  c_w.l(__rtentry2.o)
    0x080001b2   0x080001b2   0x00000004   Code   RO         5012    .ARM.Collect$$rtentry$$0000000A  c_w.l(__rtentry2.o)
    0x080001b6   0x080001b6   0x00000000   Code   RO         5014    .ARM.Collect$$rtentry$$0000000C  c_w.l(__rtentry2.o)
    0x080001b6   0x080001b6   0x00000008   Code   RO         5015    .ARM.Collect$$rtentry$$0000000D  c_w.l(__rtentry2.o)
    0x080001be   0x080001be   0x00000002   Code   RO         5036    .ARM.Collect$$rtexit$$00000000  c_w.l(rtexit.o)
    0x080001c0   0x080001c0   0x00000000   Code   RO         5084    .ARM.Collect$$rtexit$$00000002  c_w.l(rtexit2.o)
    0x080001c0   0x080001c0   0x00000004   Code   RO         5085    .ARM.Collect$$rtexit$$00000003  c_w.l(rtexit2.o)
    0x080001c4   0x080001c4   0x00000006   Code   RO         5086    .ARM.Collect$$rtexit$$00000004  c_w.l(rtexit2.o)
    0x080001ca   0x080001ca   0x00000002   PAD
    0x080001cc   0x080001cc   0x00000096   Code   RO         4831    .emb_text           port.o
    0x08000262   0x08000262   0x00000002   PAD
    0x08000264   0x08000264   0x00000040   Code   RO            4    .text               startup_stm32f103xe.o
    0x080002a4   0x080002a4   0x0000008a   Code   RO         4991    .text               c_w.l(rt_memcpy_v6.o)
    0x0800032e   0x0800032e   0x00000010   Code   RO         4995    .text               c_w.l(aeabi_memset.o)
    0x0800033e   0x0800033e   0x0000004e   Code   RO         4997    .text               c_w.l(rt_memclr_w.o)
    0x0800038c   0x0800038c   0x00000006   Code   RO         4999    .text               c_w.l(heapauxi.o)
    0x08000392   0x08000392   0x00000064   Code   RO         5004    .text               c_w.l(rt_memcpy_w.o)
    0x080003f6   0x080003f6   0x00000044   Code   RO         5006    .text               c_w.l(rt_memclr.o)
    0x0800043a   0x0800043a   0x0000004a   Code   RO         5023    .text               c_w.l(sys_stackheap_outer.o)
    0x08000484   0x08000484   0x00000012   Code   RO         5025    .text               c_w.l(exit.o)
    0x08000496   0x08000496   0x00000002   PAD
    0x08000498   0x08000498   0x00000008   Code   RO         5033    .text               c_w.l(libspace.o)
    0x080004a0   0x080004a0   0x0000000c   Code   RO         5094    .text               c_w.l(sys_exit.o)
    0x080004ac   0x080004ac   0x00000002   Code   RO         5105    .text               c_w.l(use_no_semi.o)
    0x080004ae   0x080004ae   0x00000000   Code   RO         5107    .text               c_w.l(indicate_semi.o)
    0x080004ae   0x080004ae   0x0000005c   Code   RO          471    i.ADC_ConversionStop_Disable  stm32f1xx_hal_adc.o
    0x0800050a   0x0800050a   0x00000004   Code   RO          277    i.BusFault_Handler  stm32f1xx_it.o
    0x0800050e   0x0800050e   0x00000002   PAD
    0x08000510   0x08000510   0x00000010   Code   RO          278    i.DMA1_Channel1_IRQHandler  stm32f1xx_it.o
    0x08000520   0x08000520   0x00000002   Code   RO          279    i.DebugMon_Handler  stm32f1xx_it.o
    0x08000522   0x08000522   0x00000002   Code   RO           13    i.Error_Handler     main.o
    0x08000524   0x08000524   0x00000160   Code   RO          477    i.HAL_ADC_ConfigChannel  stm32f1xx_hal_adc.o
    0x08000684   0x08000684   0x00000160   Code   RO          486    i.HAL_ADC_Init      stm32f1xx_hal_adc.o
    0x080007e4   0x080007e4   0x000000b0   Code   RO          348    i.HAL_ADC_MspInit   stm32f1xx_hal_msp.o
    0x08000894   0x08000894   0x00000398   Code   RO         1136    i.HAL_DMA_IRQHandler  stm32f1xx_hal_dma.o
    0x08000c2c   0x08000c2c   0x0000008c   Code   RO         1137    i.HAL_DMA_Init      stm32f1xx_hal_dma.o
    0x08000cb8   0x08000cb8   0x00000028   Code   RO          754    i.HAL_Delay         stm32f1xx_hal.o
    0x08000ce0   0x08000ce0   0x00000340   Code   RO         1067    i.HAL_GPIO_Init     stm32f1xx_hal_gpio.o
    0x08001020   0x08001020   0x00000010   Code   RO         1069    i.HAL_GPIO_ReadPin  stm32f1xx_hal_gpio.o
    0x08001030   0x08001030   0x00000014   Code   RO         1070    i.HAL_GPIO_TogglePin  stm32f1xx_hal_gpio.o
    0x08001044   0x08001044   0x0000000c   Code   RO         1071    i.HAL_GPIO_WritePin  stm32f1xx_hal_gpio.o
    0x08001050   0x08001050   0x0000000c   Code   RO          758    i.HAL_GetTick       stm32f1xx_hal.o
    0x0800105c   0x0800105c   0x000001d0   Code   RO         1764    i.HAL_I2C_Init      stm32f1xx_hal_i2c.o
    0x0800122c   0x0800122c   0x00000074   Code   RO          350    i.HAL_I2C_MspInit   stm32f1xx_hal_msp.o
    0x080012a0   0x080012a0   0x00000018   Code   RO          764    i.HAL_IncTick       stm32f1xx_hal.o
    0x080012b8   0x080012b8   0x00000028   Code   RO          765    i.HAL_Init          stm32f1xx_hal.o
    0x080012e0   0x080012e0   0x00000088   Code   RO          396    i.HAL_InitTick      stm32f1xx_hal_timebase_tim.o
    0x08001368   0x08001368   0x00000060   Code   RO          351    i.HAL_MspInit       stm32f1xx_hal_msp.o
    0x080013c8   0x080013c8   0x00000020   Code   RO         1227    i.HAL_NVIC_EnableIRQ  stm32f1xx_hal_cortex.o
    0x080013e8   0x080013e8   0x0000007c   Code   RO         1233    i.HAL_NVIC_SetPriority  stm32f1xx_hal_cortex.o
    0x08001464   0x08001464   0x00000028   Code   RO         1234    i.HAL_NVIC_SetPriorityGrouping  stm32f1xx_hal_cortex.o
    0x0800148c   0x0800148c   0x00000130   Code   RO         1030    i.HAL_RCCEx_PeriphCLKConfig  stm32f1xx_hal_rcc_ex.o
    0x080015bc   0x080015bc   0x0000018c   Code   RO          922    i.HAL_RCC_ClockConfig  stm32f1xx_hal_rcc.o
    0x08001748   0x08001748   0x00000044   Code   RO          926    i.HAL_RCC_GetClockConfig  stm32f1xx_hal_rcc.o
    0x0800178c   0x0800178c   0x0000000c   Code   RO          927    i.HAL_RCC_GetHCLKFreq  stm32f1xx_hal_rcc.o
    0x08001798   0x08001798   0x00000020   Code   RO          929    i.HAL_RCC_GetPCLK1Freq  stm32f1xx_hal_rcc.o
    0x080017b8   0x080017b8   0x00000020   Code   RO          930    i.HAL_RCC_GetPCLK2Freq  stm32f1xx_hal_rcc.o
    0x080017d8   0x080017d8   0x00000094   Code   RO          931    i.HAL_RCC_GetSysClockFreq  stm32f1xx_hal_rcc.o
    0x0800186c   0x0800186c   0x00000464   Code   RO          934    i.HAL_RCC_OscConfig  stm32f1xx_hal_rcc.o
    0x08001cd0   0x08001cd0   0x00000002   Code   RO         2942    i.HAL_TIMEx_BreakCallback  stm32f1xx_hal_tim_ex.o
    0x08001cd2   0x08001cd2   0x00000002   Code   RO         2943    i.HAL_TIMEx_CommutCallback  stm32f1xx_hal_tim_ex.o
    0x08001cd4   0x08001cd4   0x00000066   Code   RO         2227    i.HAL_TIM_Base_Init  stm32f1xx_hal_tim.o
    0x08001d3a   0x08001d3a   0x00000002   Code   RO         2229    i.HAL_TIM_Base_MspInit  stm32f1xx_hal_tim.o
    0x08001d3c   0x08001d3c   0x00000090   Code   RO         2232    i.HAL_TIM_Base_Start_IT  stm32f1xx_hal_tim.o
    0x08001dcc   0x08001dcc   0x00000002   Code   RO         2261    i.HAL_TIM_IC_CaptureCallback  stm32f1xx_hal_tim.o
    0x08001dce   0x08001dce   0x00000196   Code   RO         2275    i.HAL_TIM_IRQHandler  stm32f1xx_hal_tim.o
    0x08001f64   0x08001f64   0x00000002   Code   RO         2278    i.HAL_TIM_OC_DelayElapsedCallback  stm32f1xx_hal_tim.o
    0x08001f66   0x08001f66   0x00000002   Code   RO         2305    i.HAL_TIM_PWM_PulseFinishedCallback  stm32f1xx_hal_tim.o
    0x08001f68   0x08001f68   0x00000018   Code   RO           14    i.HAL_TIM_PeriodElapsedCallback  main.o
    0x08001f80   0x08001f80   0x00000002   Code   RO         2318    i.HAL_TIM_TriggerCallback  stm32f1xx_hal_tim.o
    0x08001f82   0x08001f82   0x00000004   Code   RO          280    i.HardFault_Handler  stm32f1xx_it.o
    0x08001f86   0x08001f86   0x00000002   PAD
    0x08001f88   0x08001f88   0x00000060   Code   RO           15    i.MX_ADC1_Init      main.o
    0x08001fe8   0x08001fe8   0x00000034   Code   RO           16    i.MX_DMA_Init       main.o
    0x0800201c   0x0800201c   0x00000110   Code   RO           17    i.MX_GPIO_Init      main.o
    0x0800212c   0x0800212c   0x0000003c   Code   RO           18    i.MX_I2C1_Init      main.o
    0x08002168   0x08002168   0x00000004   Code   RO          281    i.MemManage_Handler  stm32f1xx_it.o
    0x0800216c   0x0800216c   0x00000002   Code   RO          282    i.NMI_Handler       stm32f1xx_it.o
    0x0800216e   0x0800216e   0x00000002   PAD
    0x08002170   0x08002170   0x00000040   Code   RO         4911    i.OptoAndRemote1Process  newcontrol.o
    0x080021b0   0x080021b0   0x0000010c   Code   RO         4912    i.OptoAndRemote2Process  newcontrol.o
    0x080022bc   0x080022bc   0x000000a0   Code   RO         4913    i.OptoAndRemoteDisableSys  newcontrol.o
    0x0800235c   0x0800235c   0x000000b4   Code   RO         4914    i.OptoAndRemoteEnableAndDisableProcess  newcontrol.o
    0x08002410   0x08002410   0x0000009c   Code   RO         4915    i.OptoAndRemoteEnableSys  newcontrol.o
    0x080024ac   0x080024ac   0x00000028   Code   RO          935    i.RCC_Delay         stm32f1xx_hal_rcc.o
    0x080024d4   0x080024d4   0x0000000e   Code   RO           19    i.StartDefaultTask  main.o
    0x080024e2   0x080024e2   0x0000000a   Code   RO           20    i.StartTask02       main.o
    0x080024ec   0x080024ec   0x0000000a   Code   RO           21    i.StartTask03       main.o
    0x080024f6   0x080024f6   0x0000000a   Code   RO           22    i.StartTask04       main.o
    0x08002500   0x08002500   0x00000034   Code   RO         4832    i.SysTick_Handler   port.o
    0x08002534   0x08002534   0x00000082   Code   RO           23    i.SystemClock_Config  main.o
    0x080025b6   0x080025b6   0x00000002   Code   RO         3210    i.SystemInit        system_stm32f1xx.o
    0x080025b8   0x080025b8   0x00000010   Code   RO          283    i.TIM1_UP_IRQHandler  stm32f1xx_it.o
    0x080025c8   0x080025c8   0x0000009c   Code   RO         2320    i.TIM_Base_SetConfig  stm32f1xx_hal_tim.o
    0x08002664   0x08002664   0x00000004   Code   RO          284    i.UsageFault_Handler  stm32f1xx_it.o
    0x08002668   0x08002668   0x00000010   Code   RO         1240    i.__NVIC_GetPriorityGrouping  stm32f1xx_hal_cortex.o
    0x08002678   0x08002678   0x00000028   Code   RO         1241    i.__NVIC_SetPriority  stm32f1xx_hal_cortex.o
    0x080026a0   0x080026a0   0x00000006   Code   RO         4346    i.__get_BASEPRI     cmsis_os2.o
    0x080026a6   0x080026a6   0x00000006   Code   RO         4347    i.__get_IPSR        cmsis_os2.o
    0x080026ac   0x080026ac   0x00000006   Code   RO         4348    i.__get_PRIMASK     cmsis_os2.o
    0x080026b2   0x080026b2   0x0000003a   Code   RO         4916    i.disableManager    newcontrol.o
    0x080026ec   0x080026ec   0x00000090   Code   RO           24    i.main              main.o
    0x0800277c   0x0800277c   0x00000024   Code   RO         4917    i.newControlConfiguration  newcontrol.o
    0x080027a0   0x080027a0   0x00000010   Code   RO         4918    i.newControlProcess  newcontrol.o
    0x080027b0   0x080027b0   0x0000001c   Code   RO         4919    i.newControl_offAllRelay  newcontrol.o
    0x080027cc   0x080027cc   0x00000028   Code   RO         4920    i.newControl_relay1State  newcontrol.o
    0x080027f4   0x080027f4   0x00000028   Code   RO         4921    i.newControl_relay2State  newcontrol.o
    0x0800281c   0x0800281c   0x00000038   Code   RO         4349    i.osDelay           cmsis_os2.o
    0x08002854   0x08002854   0x00000040   Code   RO         4363    i.osKernelInitialize  cmsis_os2.o
    0x08002894   0x08002894   0x00000044   Code   RO         4366    i.osKernelStart     cmsis_os2.o
    0x080028d8   0x080028d8   0x000000dc   Code   RO         4400    i.osThreadNew       cmsis_os2.o
    0x080029b4   0x080029b4   0x0000007c   Code   RO         3821    i.prvAddCurrentTaskToDelayedList  tasks.o
    0x08002a30   0x08002a30   0x000000b8   Code   RO         3822    i.prvAddNewTaskToReadyList  tasks.o
    0x08002ae8   0x08002ae8   0x00000074   Code   RO         4182    i.prvCheckForValidListAndQueue  timers.o
    0x08002b5c   0x08002b5c   0x00000048   Code   RO         3823    i.prvCheckTasksWaitingTermination  tasks.o
    0x08002ba4   0x08002ba4   0x0000002a   Code   RO         3414    i.prvCopyDataFromQueue  queue.o
    0x08002bce   0x08002bce   0x0000007c   Code   RO         3415    i.prvCopyDataToQueue  queue.o
    0x08002c4a   0x08002c4a   0x00000050   Code   RO         3824    i.prvDeleteTCB      tasks.o
    0x08002c9a   0x08002c9a   0x00000002   PAD
    0x08002c9c   0x08002c9c   0x00000028   Code   RO         4183    i.prvGetNextExpireTime  timers.o
    0x08002cc4   0x08002cc4   0x0000007c   Code   RO         4782    i.prvHeapInit       heap_4.o
    0x08002d40   0x08002d40   0x00000028   Code   RO         3825    i.prvIdleTask       tasks.o
    0x08002d68   0x08002d68   0x0000002a   Code   RO         3418    i.prvInitialiseNewQueue  queue.o
    0x08002d92   0x08002d92   0x000000b4   Code   RO         3826    i.prvInitialiseNewTask  tasks.o
    0x08002e46   0x08002e46   0x00000002   PAD
    0x08002e48   0x08002e48   0x00000068   Code   RO         3827    i.prvInitialiseTaskLists  tasks.o
    0x08002eb0   0x08002eb0   0x00000068   Code   RO         4783    i.prvInsertBlockIntoFreeList  heap_4.o
    0x08002f18   0x08002f18   0x00000058   Code   RO         4185    i.prvInsertTimerInActiveList  timers.o
    0x08002f70   0x08002f70   0x0000001a   Code   RO         3419    i.prvIsQueueEmpty   queue.o
    0x08002f8a   0x08002f8a   0x0000001e   Code   RO         3420    i.prvIsQueueFull    queue.o
    0x08002fa8   0x08002fa8   0x00000064   Code   RO         4186    i.prvProcessExpiredTimer  timers.o
    0x0800300c   0x0800300c   0x00000128   Code   RO         4187    i.prvProcessReceivedCommands  timers.o
    0x08003134   0x08003134   0x00000074   Code   RO         4188    i.prvProcessTimerOrBlockTask  timers.o
    0x080031a8   0x080031a8   0x00000034   Code   RO         3829    i.prvResetNextTaskUnblockTime  tasks.o
    0x080031dc   0x080031dc   0x0000002c   Code   RO         4189    i.prvSampleTimeNow  timers.o
    0x08003208   0x08003208   0x000000a0   Code   RO         4190    i.prvSwitchTimerLists  timers.o
    0x080032a8   0x080032a8   0x00000040   Code   RO         4833    i.prvTaskExitError  port.o
    0x080032e8   0x080032e8   0x0000001a   Code   RO         4191    i.prvTimerTask      timers.o
    0x08003302   0x08003302   0x0000007e   Code   RO         3421    i.prvUnlockQueue    queue.o
    0x08003380   0x08003380   0x0000013c   Code   RO         4784    i.pvPortMalloc      heap_4.o
    0x080034bc   0x080034bc   0x00000024   Code   RO         4834    i.pxPortInitialiseStack  port.o
    0x080034e0   0x080034e0   0x00000028   Code   RO         3374    i.uxListRemove      list.o
    0x08003508   0x08003508   0x00000018   Code   RO         4412    i.vApplicationGetIdleTaskMemory  cmsis_os2.o
    0x08003520   0x08003520   0x00000018   Code   RO         4413    i.vApplicationGetTimerTaskMemory  cmsis_os2.o
    0x08003538   0x08003538   0x0000001a   Code   RO         3375    i.vListInitialise   list.o
    0x08003552   0x08003552   0x00000006   Code   RO         3376    i.vListInitialiseItem  list.o
    0x08003558   0x08003558   0x00000034   Code   RO         3377    i.vListInsert       list.o
    0x0800358c   0x0800358c   0x00000018   Code   RO         3378    i.vListInsertEnd    list.o
    0x080035a4   0x080035a4   0x00000054   Code   RO         4836    i.vPortEnterCritical  port.o
    0x080035f8   0x080035f8   0x0000003c   Code   RO         4837    i.vPortExitCritical  port.o
    0x08003634   0x08003634   0x00000094   Code   RO         4785    i.vPortFree         heap_4.o
    0x080036c8   0x080036c8   0x00000028   Code   RO         4838    i.vPortSetupTimerInterrupt  port.o
    0x080036f0   0x080036f0   0x00000078   Code   RO         4839    i.vPortValidateInterruptPriority  port.o
    0x08003768   0x08003768   0x0000002c   Code   RO         3427    i.vQueueAddToRegistry  queue.o
    0x08003794   0x08003794   0x0000004a   Code   RO         3431    i.vQueueWaitForMessageRestricted  queue.o
    0x080037de   0x080037de   0x00000002   PAD
    0x080037e0   0x080037e0   0x0000005c   Code   RO         3841    i.vTaskDelay        tasks.o
    0x0800383c   0x0800383c   0x00000018   Code   RO         3846    i.vTaskInternalSetTimeOutState  tasks.o
    0x08003854   0x08003854   0x0000000c   Code   RO         3847    i.vTaskMissedYield  tasks.o
    0x08003860   0x08003860   0x00000038   Code   RO         3849    i.vTaskPlaceOnEventList  tasks.o
    0x08003898   0x08003898   0x00000040   Code   RO         3850    i.vTaskPlaceOnEventListRestricted  tasks.o
    0x080038d8   0x080038d8   0x000000b8   Code   RO         3858    i.vTaskStartScheduler  tasks.o
    0x08003990   0x08003990   0x00000010   Code   RO         3860    i.vTaskSuspendAll   tasks.o
    0x080039a0   0x080039a0   0x00000090   Code   RO         3861    i.vTaskSwitchContext  tasks.o
    0x08003a30   0x08003a30   0x000000f8   Code   RO         4840    i.xPortStartScheduler  port.o
    0x08003b28   0x08003b28   0x000000de   Code   RO         3437    i.xQueueGenericCreateStatic  queue.o
    0x08003c06   0x08003c06   0x00000002   PAD
    0x08003c08   0x08003c08   0x00000098   Code   RO         3438    i.xQueueGenericReset  queue.o
    0x08003ca0   0x08003ca0   0x000001a8   Code   RO         3439    i.xQueueGenericSend  queue.o
    0x08003e48   0x08003e48   0x000000f8   Code   RO         3440    i.xQueueGenericSendFromISR  queue.o
    0x08003f40   0x08003f40   0x00000168   Code   RO         3449    i.xQueueReceive     queue.o
    0x080040a8   0x080040a8   0x0000008c   Code   RO         3862    i.xTaskCheckForTimeOut  tasks.o
    0x08004134   0x08004134   0x00000064   Code   RO         3863    i.xTaskCreate       tasks.o
    0x08004198   0x08004198   0x000000b8   Code   RO         3864    i.xTaskCreateStatic  tasks.o
    0x08004250   0x08004250   0x00000020   Code   RO         3868    i.xTaskGetSchedulerState  tasks.o
    0x08004270   0x08004270   0x0000000c   Code   RO         3869    i.xTaskGetTickCount  tasks.o
    0x0800427c   0x0800427c   0x00000144   Code   RO         3871    i.xTaskIncrementTick  tasks.o
    0x080043c0   0x080043c0   0x000000a4   Code   RO         3874    i.xTaskPriorityDisinherit  tasks.o
    0x08004464   0x08004464   0x00000098   Code   RO         3876    i.xTaskRemoveFromEventList  tasks.o
    0x080044fc   0x080044fc   0x00000104   Code   RO         3877    i.xTaskResumeAll    tasks.o
    0x08004600   0x08004600   0x00000078   Code   RO         4198    i.xTimerCreateTimerTask  timers.o
    0x08004678   0x08004678   0x00000084   Code   RO         4199    i.xTimerGenericCommand  timers.o
    0x080046fc   0x080046fc   0x00000090   Data   RO           28    .constdata          main.o
    0x0800478c   0x0800478c   0x00000018   Data   RO         3211    .constdata          system_stm32f1xx.o
    0x080047a4   0x080047a4   0x00000030   Data   RO           29    .conststring        main.o
    0x080047d4   0x080047d4   0x00000020   Data   RO         5162    Region$$Table       anon$$obj.o


    Execution Region RW_IRAM1 (Exec base: 0x20000000, Load base: 0x080047f4, Size: 0x00002130, Max: 0x0000c000, ABSOLUTE)

    Exec Addr    Load Addr    Size         Type   Attr      Idx    E Section Name        Object

    0x20000000   0x080047f4   0x00000019   Data   RW           30    .data               main.o
    0x20000019   0x0800480d   0x00000003   PAD
    0x2000001c   0x08004810   0x00000009   Data   RW          772    .data               stm32f1xx_hal.o
    0x20000025   0x08004819   0x00000003   PAD
    0x20000028   0x0800481c   0x00000004   Data   RW         3212    .data               system_stm32f1xx.o
    0x2000002c   0x08004820   0x0000003c   Data   RW         3880    .data               tasks.o
    0x20000068   0x0800485c   0x00000014   Data   RW         4207    .data               timers.o
    0x2000007c   0x08004870   0x00000004   Data   RW         4415    .data               cmsis_os2.o
    0x20000080   0x08004874   0x00000018   Data   RW         4790    .data               heap_4.o
    0x20000098   0x0800488c   0x0000000c   Data   RW         4841    .data               port.o
    0x200000a4   0x08004898   0x00000036   Data   RW         4923    .data               newcontrol.o
    0x200000da   0x080048ce   0x00000002   PAD
    0x200000dc        -       0x000000c8   Zero   RW           27    .bss                main.o
    0x200001a4        -       0x00000048   Zero   RW          399    .bss                stm32f1xx_hal_timebase_tim.o
    0x200001ec        -       0x00000040   Zero   RW         3453    .bss                queue.o
    0x2000022c        -       0x000004c4   Zero   RW         3879    .bss                tasks.o
    0x200006f0        -       0x00000118   Zero   RW         4206    .bss                timers.o
    0x20000808        -       0x000006b8   Zero   RW         4414    .bss                cmsis_os2.o
    0x20000ec0        -       0x00000c00   Zero   RW         4789    .bss                heap_4.o
    0x20001ac0        -       0x0000000c   Zero   RW         4922    .bss                newcontrol.o
    0x20001acc        -       0x00000060   Zero   RW         5034    .bss                c_w.l(libspace.o)
    0x20001b2c   0x080048ce   0x00000004   PAD
    0x20001b30        -       0x00000200   Zero   RW            2    HEAP                startup_stm32f103xe.o
    0x20001d30        -       0x00000400   Zero   RW            1    STACK               startup_stm32f103xe.o


==============================================================================

Image component sizes


      Code (inc. data)   RO Data    RW Data    ZI Data      Debug   Object Name

       474         38          0          4       1720      15198   cmsis_os2.o
         0          0          0          0          0      20256   event_groups.o
         0          0          0          0          0       2660   freertos.o
       692         62          0         24       3072       4767   heap_4.o
       148          0          0          0          0       3514   list.o
       824         98        192         25        200     516095   main.o
      1046        132          0         54         12       7867   newcontrol.o
       854         78          0         12          0      11101   port.o
      1914         20          0          0         64      17012   queue.o
        64         26        304          0       1536        828   startup_stm32f103xe.o
       116         24          0          9          0       5970   stm32f1xx_hal.o
       796         26          0          0          0       3200   stm32f1xx_hal_adc.o
       252         22          0          0          0      28766   stm32f1xx_hal_cortex.o
      1060         18          0          0          0       2272   stm32f1xx_hal_dma.o
       880         40          0          0          0       4032   stm32f1xx_hal_gpio.o
       464         18          0          0          0       2083   stm32f1xx_hal_i2c.o
       388         44          0          0          0       2426   stm32f1xx_hal_msp.o
      1852        120          0          0          0       6777   stm32f1xx_hal_rcc.o
       304         14          0          0          0       1436   stm32f1xx_hal_rcc_ex.o
       818         44          0          0          0       6306   stm32f1xx_hal_tim.o
         4          0          0          0          0       1565   stm32f1xx_hal_tim_ex.o
       136         18          0          0         72       1507   stm32f1xx_hal_timebase_tim.o
        52         12          0          0          0       3685   stm32f1xx_it.o
         0          0          0          0          0       8912   stream_buffer.o
         2          0         24          4          0       1167   system_stm32f1xx.o
      2796        346          0         60       1220      24102   tasks.o
      1238        124          0         20        280      26891   timers.o

    ----------------------------------------------------------------------
     17190       1324        552        220       8176     730395   Object Totals
         0          0         32          0          0          0   (incl. Generated)
        16          0          0          8          0          0   (incl. Padding)

    ----------------------------------------------------------------------

      Code (inc. data)   RO Data    RW Data    ZI Data      Debug   Library Member Name

         8          0          0          0          0         68   __main.o
         0          0          0          0          0          0   __rtentry.o
        12          0          0          0          0          0   __rtentry2.o
         6          0          0          0          0          0   __rtentry4.o
        52          8          0          0          0          0   __scatter.o
        26          0          0          0          0          0   __scatter_copy.o
        28          0          0          0          0          0   __scatter_zi.o
        16          0          0          0          0         68   aeabi_memset.o
        18          0          0          0          0         80   exit.o
         6          0          0          0          0        152   heapauxi.o
         0          0          0          0          0          0   indicate_semi.o
         2          0          0          0          0          0   libinit.o
         2          0          0          0          0          0   libinit2.o
         2          0          0          0          0          0   libshutdown.o
         2          0          0          0          0          0   libshutdown2.o
         8          4          0          0         96         68   libspace.o
        68          0          0          0          0         68   rt_memclr.o
        78          0          0          0          0         80   rt_memclr_w.o
       138          0          0          0          0         68   rt_memcpy_v6.o
       100          0          0          0          0         80   rt_memcpy_w.o
         2          0          0          0          0          0   rtexit.o
        10          0          0          0          0          0   rtexit2.o
        12          4          0          0          0         68   sys_exit.o
        74          0          0          0          0         80   sys_stackheap_outer.o
         2          0          0          0          0         68   use_no_semi.o

    ----------------------------------------------------------------------
       678         16          0          0        100        948   Library Totals
         6          0          0          0          4          0   (incl. Padding)

    ----------------------------------------------------------------------

      Code (inc. data)   RO Data    RW Data    ZI Data      Debug   Library Name

       672         16          0          0         96        948   c_w.l

    ----------------------------------------------------------------------
       678         16          0          0        100        948   Library Totals

    ----------------------------------------------------------------------

==============================================================================


      Code (inc. data)   RO Data    RW Data    ZI Data      Debug   

     17868       1340        552        220       8276     723331   Grand Totals
     17868       1340        552        220       8276     723331   ELF Image Totals
     17868       1340        552        220          0          0   ROM Totals

==============================================================================

    Total RO  Size (Code + RO Data)                18420 (  17.99kB)
    Total RW  Size (RW Data + ZI Data)              8496 (   8.30kB)
    Total ROM Size (Code + RO Data + RW Data)      18640 (  18.20kB)

==============================================================================

